# Path: /target/debug/deps/learning_linkers-97732971bdfee10d
# Arch: arm64
# Object files:
[  0] linker synthesized
[  1] tlv-file
[  2] /target/debug/deps/learning_linkers-97732971bdfee10d.0hl7d1c5593534mdzur6vmtpi.rcgu.o
[  3] /target/debug/deps/learning_linkers-97732971bdfee10d.12ibivrggug01sf1mm46nehkr.rcgu.o
[  4] /target/debug/deps/learning_linkers-97732971bdfee10d.2tzajm3isy7t5bed73cx8muhf.rcgu.o
[  5] /target/debug/deps/learning_linkers-97732971bdfee10d.6w3zfurtuxgdwzmdqgu83ggj9.rcgu.o
[  6] /target/debug/deps/learning_linkers-97732971bdfee10d.9k5fggga4v9no7u3xemgx8paq.rcgu.o
[  7] /target/debug/deps/learning_linkers-97732971bdfee10d.edjokarwsyb56hk3fj58xiwua.rcgu.o
[  8] /target/debug/deps/learning_linkers-97732971bdfee10d.5toeoudxlk26aah972ru9xggo.rcgu.o
[  9] target/out/libfoo.a[2](libfoo.foo.a172bf077131bb8b-cgu.0.rcgu.o)
[ 10] target/out/libfoo.a[4](std-5f11fb1f9c11a5d1.std.86b73ce1986d3c1-cgu.00.rcgu.o)
[ 11] target/out/libfoo.a[6](std-5f11fb1f9c11a5d1.std.86b73ce1986d3c1-cgu.02.rcgu.o)
[ 12] target/out/libfoo.a[7](std-5f11fb1f9c11a5d1.std.86b73ce1986d3c1-cgu.03.rcgu.o)
[ 13] target/out/libfoo.a[8](std-5f11fb1f9c11a5d1.std.86b73ce1986d3c1-cgu.04.rcgu.o)
[ 14] target/out/libfoo.a[9](std-5f11fb1f9c11a5d1.std.86b73ce1986d3c1-cgu.05.rcgu.o)
[ 15] target/out/libfoo.a[10](std-5f11fb1f9c11a5d1.std.86b73ce1986d3c1-cgu.06.rcgu.o)
[ 16] target/out/libfoo.a[11](std-5f11fb1f9c11a5d1.std.86b73ce1986d3c1-cgu.07.rcgu.o)
[ 17] target/out/libfoo.a[12](std-5f11fb1f9c11a5d1.std.86b73ce1986d3c1-cgu.08.rcgu.o)
[ 18] target/out/libfoo.a[13](std-5f11fb1f9c11a5d1.std.86b73ce1986d3c1-cgu.09.rcgu.o)
[ 19] target/out/libfoo.a[14](std-5f11fb1f9c11a5d1.std.86b73ce1986d3c1-cgu.10.rcgu.o)
[ 20] target/out/libfoo.a[15](std-5f11fb1f9c11a5d1.std.86b73ce1986d3c1-cgu.11.rcgu.o)
[ 21] target/out/libfoo.a[16](std-5f11fb1f9c11a5d1.std.86b73ce1986d3c1-cgu.12.rcgu.o)
[ 22] target/out/libfoo.a[17](std-5f11fb1f9c11a5d1.std.86b73ce1986d3c1-cgu.13.rcgu.o)
[ 23] target/out/libfoo.a[18](std-5f11fb1f9c11a5d1.std.86b73ce1986d3c1-cgu.14.rcgu.o)
[ 24] target/out/libfoo.a[19](std-5f11fb1f9c11a5d1.std.86b73ce1986d3c1-cgu.15.rcgu.o)
[ 25] target/out/libfoo.a[20](panic_unwind-1d5065d978020e86.panic_unwind.1c4a701157cbd3a-cgu.0.rcgu.o)
[ 26] target/out/libfoo.a[21](object-879a97b890f81457.object.e5ba006ab865c850-cgu.0.rcgu.o)
[ 27] target/out/libfoo.a[22](object-879a97b890f81457.object.e5ba006ab865c850-cgu.1.rcgu.o)
[ 28] target/out/libfoo.a[24](object-879a97b890f81457.object.e5ba006ab865c850-cgu.3.rcgu.o)
[ 29] target/out/libfoo.a[25](object-879a97b890f81457.object.e5ba006ab865c850-cgu.4.rcgu.o)
[ 30] target/out/libfoo.a[27](memchr-3158ef62e507cbb7.memchr.fc568d352f172386-cgu.0.rcgu.o)
[ 31] target/out/libfoo.a[30](addr2line-b50167c5498057ca.addr2line.1948af3bfc974866-cgu.0.rcgu.o)
[ 32] target/out/libfoo.a[33](gimli-1ab316f099134a82.gimli.88c36ff3b37600bf-cgu.2.rcgu.o)
[ 33] target/out/libfoo.a[34](gimli-1ab316f099134a82.gimli.88c36ff3b37600bf-cgu.3.rcgu.o)
[ 34] target/out/libfoo.a[35](gimli-1ab316f099134a82.gimli.88c36ff3b37600bf-cgu.4.rcgu.o)
[ 35] target/out/libfoo.a[36](rustc_demangle-cae22833efbd4516.rustc_demangle.3a4dc8e82283a75b-cgu.0.rcgu.o)
[ 36] target/out/libfoo.a[37](rustc_demangle-cae22833efbd4516.rustc_demangle.3a4dc8e82283a75b-cgu.1.rcgu.o)
[ 37] target/out/libfoo.a[38](rustc_demangle-cae22833efbd4516.rustc_demangle.3a4dc8e82283a75b-cgu.2.rcgu.o)
[ 38] target/out/libfoo.a[39](rustc_demangle-cae22833efbd4516.rustc_demangle.3a4dc8e82283a75b-cgu.3.rcgu.o)
[ 39] target/out/libfoo.a[48](alloc-561125f010b8752b.alloc.31d3bde028c4a690-cgu.0.rcgu.o)
[ 40] target/out/libfoo.a[52](alloc-561125f010b8752b.alloc.31d3bde028c4a690-cgu.4.rcgu.o)
[ 41] target/out/libfoo.a[53](alloc-561125f010b8752b.alloc.31d3bde028c4a690-cgu.5.rcgu.o)
[ 42] target/out/libfoo.a[54](alloc-561125f010b8752b.alloc.31d3bde028c4a690-cgu.6.rcgu.o)
[ 43] target/out/libfoo.a[56](core-76a16ddc18930370.core.3309e65c8282a3db-cgu.00.rcgu.o)
[ 44] target/out/libfoo.a[57](core-76a16ddc18930370.core.3309e65c8282a3db-cgu.01.rcgu.o)
[ 45] target/out/libfoo.a[58](core-76a16ddc18930370.core.3309e65c8282a3db-cgu.02.rcgu.o)
[ 46] target/out/libfoo.a[59](core-76a16ddc18930370.core.3309e65c8282a3db-cgu.03.rcgu.o)
[ 47] target/out/libfoo.a[60](core-76a16ddc18930370.core.3309e65c8282a3db-cgu.04.rcgu.o)
[ 48] target/out/libfoo.a[61](core-76a16ddc18930370.core.3309e65c8282a3db-cgu.05.rcgu.o)
[ 49] target/out/libfoo.a[62](core-76a16ddc18930370.core.3309e65c8282a3db-cgu.06.rcgu.o)
[ 50] target/out/libfoo.a[63](core-76a16ddc18930370.core.3309e65c8282a3db-cgu.07.rcgu.o)
[ 51] target/out/libfoo.a[64](core-76a16ddc18930370.core.3309e65c8282a3db-cgu.08.rcgu.o)
[ 52] target/out/libfoo.a[65](core-76a16ddc18930370.core.3309e65c8282a3db-cgu.09.rcgu.o)
[ 53] target/out/libfoo.a[66](core-76a16ddc18930370.core.3309e65c8282a3db-cgu.10.rcgu.o)
[ 54] target/out/libfoo.a[67](core-76a16ddc18930370.core.3309e65c8282a3db-cgu.11.rcgu.o)
[ 55] target/out/libfoo.a[68](core-76a16ddc18930370.core.3309e65c8282a3db-cgu.12.rcgu.o)
[ 56] target/out/libfoo.a[69](core-76a16ddc18930370.core.3309e65c8282a3db-cgu.13.rcgu.o)
[ 57] target/out/libfoo.a[70](core-76a16ddc18930370.core.3309e65c8282a3db-cgu.14.rcgu.o)
[ 58] target/out/libfoo.a[71](core-76a16ddc18930370.core.3309e65c8282a3db-cgu.15.rcgu.o)
[ 59] target/out/libbar.a[2](libbar.bar.f6de0734408517d3-cgu.0.rcgu.o)
[ 60] /Library/Developer/CommandLineTools/SDKs/MacOSX14.4.sdk/usr/lib/system/libdispatch.tbd
[ 61] /Library/Developer/CommandLineTools/SDKs/MacOSX14.4.sdk/usr/lib/system/libdyld.tbd
[ 62] /Library/Developer/CommandLineTools/SDKs/MacOSX14.4.sdk/usr/lib/system/libsystem_c.tbd
[ 63] /Library/Developer/CommandLineTools/SDKs/MacOSX14.4.sdk/usr/lib/system/libsystem_kernel.tbd
[ 64] /Library/Developer/CommandLineTools/SDKs/MacOSX14.4.sdk/usr/lib/system/libsystem_malloc.tbd
[ 65] /Library/Developer/CommandLineTools/SDKs/MacOSX14.4.sdk/usr/lib/system/libsystem_pthread.tbd
[ 66] /Library/Developer/CommandLineTools/SDKs/MacOSX14.4.sdk/usr/lib/system/libunwind.tbd
# Sections:
# Address	Size    	Segment	Section
0x1000007DC	0x00036FC4	__TEXT	__text
0x1000377A0	0x00000300	__TEXT	__stubs
0x100037AA0	0x00004115	__TEXT	__const
0x10003BBB8	0x000017F4	__TEXT	__gcc_except_tab
0x10003D3AC	0x00001738	__TEXT	__unwind_info
0x10003EAE8	0x0000950C	__TEXT	__eh_frame
0x100048000	0x00000208	__DATA_CONST	__got
0x100048208	0x00002338	__DATA_CONST	__const
0x10004C000	0x00000039	__DATA	__data
0x10004C040	0x000000D8	__DATA	__thread_vars
0x10004C118	0x00000020	__DATA	__thread_data
0x10004C138	0x00000050	__DATA	__thread_bss
0x10004C188	0x000000C0	__DATA	__common
0x10004C248	0x00000018	__DATA	__bss
# Symbols:
# Address	Size    	File  Name
0x1000007DC	0x00000028	[  2] __ZN4core3ops8function6FnOnce40call_once$u7b$$u7b$vtable.shim$u7d$$u7d$17h93b3be85e5de7e42E
0x100000804	0x00000020	[  2] __ZN4core3ops8function6FnOnce9call_once17h83d0cee0de1dbabeE
0x100000824	0x00000028	[  2] __ZN4core3ops8function6FnOnce9call_once17h8787fffe6bff521fE
0x10000084C	0x0000006C	[  3] __ZN3std2rt10lang_start17hfe16ee5e95006585E
0x1000008B8	0x0000003C	[  3] __ZN3std2rt10lang_start28_$u7b$$u7b$closure$u7d$$u7d$17hf5bcb44702bb6f57E
0x1000008F4	0x00000010	[  4] __ZN54_$LT$$LP$$RP$$u20$as$u20$std..process..Termination$GT$6report17h5580027413c95f8dE
0x100000904	0x00000054	[  5] __ZN4core3fmt9Arguments6new_v117h3cf4c78c81ac4b83E
0x100000958	0x00000024	[  6] __ZN3std10sys_common9backtrace28__rust_begin_short_backtrace17hadefc8a1cebf9106E
0x10000097C	0x00000078	[  7] __ZN16learning_linkers4main17h24d6cd08367bfd17E
0x1000009F4	0x0000002C	[  7] _main
0x100000A20	0x00000004	[  8] ___rust_alloc
0x100000A24	0x00000004	[  8] ___rust_dealloc
0x100000A28	0x00000004	[  8] ___rust_realloc
0x100000A2C	0x00000004	[  8] ___rust_alloc_error_handler
0x100000A30	0x00000010	[  9] _foo
0x100000A40	0x0000088C	[ 10] __ZN4core5slice4sort10merge_sort17h3627ffc4380d48ddE
0x1000012CC	0x000007A8	[ 10] __ZN4core5slice4sort10merge_sort17h962c00e798c9c2f5E
0x100001A74	0x000006A4	[ 10] __ZN4core5slice4sort10merge_sort17hc2d5b4174ef2e35cE
0x100002118	0x0000071C	[ 10] __ZN4core5slice4sort10merge_sort17hdaff5a081ce4cf33E
0x100002834	0x000007A8	[ 10] __ZN4core5slice4sort10merge_sort17hdd7470a2980074e3E
0x100002FDC	0x00000808	[ 10] __ZN4core5slice4sort10merge_sort17he5301ff92c074dfbE
0x1000037E4	0x000000E8	[ 10] __ZN4core5slice4sort25insertion_sort_shift_left17h730c23fda9713013E
0x1000038CC	0x000000C4	[ 10] __ZN4core5slice4sort25insertion_sort_shift_left17h81ed74b9d3a149d9E
0x100003990	0x000000F0	[ 10] __ZN4core5slice4sort25insertion_sort_shift_left17h90a5e1f785e23956E
0x100003A80	0x000000FC	[ 10] __ZN4core5slice4sort25insertion_sort_shift_left17h99ab2326832eb4ccE
0x100003B7C	0x000000E0	[ 10] __ZN4core5slice4sort25insertion_sort_shift_left17h9bb7aad24e94b822E
0x100003C5C	0x000000F8	[ 10] __ZN4core5slice4sort25insertion_sort_shift_left17hb29a0af02ea84c2bE
0x100003D54	0x000000F8	[ 10] __ZN4core5slice4sort25insertion_sort_shift_left17hcd957fe3fb33d24eE
0x100003E4C	0x00000158	[ 10] __ZN4core5slice4sort25insertion_sort_shift_left17hd5548b6a08987f21E
0x100003FA4	0x0000009C	[ 10] __ZN4core5slice4sort26insertion_sort_shift_right17h9203d0d14a41efedE
0x100004040	0x00000100	[ 10] __ZN4core5slice4sort26insertion_sort_shift_right17h946e2f5bfe3ee0e7E
0x100004140	0x00000994	[ 10] __ZN4core5slice4sort7recurse17hc56c242a99e9d211E.llvm.10630526016708338169
0x100004AD4	0x00000C08	[ 10] __ZN4core5slice4sort7recurse17hdb86bce5cc3088c6E.llvm.10630526016708338169
0x1000056DC	0x0000010C	[ 11] __ZN112_$LT$object..read..archive..ArchiveMemberIterator$LT$R$GT$$u20$as$u20$core..iter..traits..iterator..Iterator$GT$4next17h263cac59e4d37df8E
0x1000057E8	0x000000B4	[ 11] __ZN4core3ptr42drop_in_place$LT$std..io..error..Error$GT$17hcb45474da1d587ddE.llvm.12514603610438779914
0x10000589C	0x00000164	[ 11] __ZN6object4read7archive13ArchiveMember12parse_aixbig17h0ae94f053490abfaE.llvm.12514603610438779914
0x100005A00	0x00000360	[ 11] __ZN6object4read7archive13ArchiveMember5parse17hd024e58ef38f48f7E.llvm.12514603610438779914
0x100005D60	0x000007E4	[ 11] __ZN6object4read7archive20ArchiveFile$LT$R$GT$5parse17h4c211dda9f701e2dE
0x100006544	0x000000AC	[ 11] __ZN64_$LT$std..ffi..os_str..Display$u20$as$u20$core..fmt..Display$GT$3fmt17hd222e32362c3667aE
0x1000065F0	0x00000130	[ 11] __ZN3std5alloc24default_alloc_error_hook17h9fe07a4b180601a7E
0x100006720	0x0000002C	[ 11] __ZN3std5alloc8rust_oom17h585174c0016d98c9E
0x10000674C	0x00000018	[ 11] ___rg_oom
0x100006764	0x000000A0	[ 12] __ZN5alloc7raw_vec11finish_grow17hc39a67e8dd9e3f9cE.llvm.8733531761402741197
0x100006804	0x000000A4	[ 12] __ZN5alloc7raw_vec19RawVec$LT$T$C$A$GT$8grow_one17hb44df05561a4a36dE
0x1000068A8	0x000000B8	[ 12] __ZN5alloc7raw_vec19RawVec$LT$T$C$A$GT$8grow_one17h03fd7c7d862118f9E
0x100006960	0x000000A4	[ 12] __ZN5alloc7raw_vec19RawVec$LT$T$C$A$GT$8grow_one17h0c81e0bcea49e358E
0x100006A04	0x000000B8	[ 12] __ZN5alloc7raw_vec19RawVec$LT$T$C$A$GT$8grow_one17hea7a0b0a2c42cebcE
0x100006ABC	0x000000A4	[ 12] __ZN5alloc7raw_vec19RawVec$LT$T$C$A$GT$8grow_one17hf7d6020ca2cf22d5E
0x100006B60	0x000000B4	[ 12] __ZN5alloc7raw_vec19RawVec$LT$T$C$A$GT$8grow_one17h6d9218941b0dfadfE
0x100006C14	0x000000B4	[ 12] __ZN5alloc7raw_vec19RawVec$LT$T$C$A$GT$8grow_one17he3b7218bbaf3a085E
0x100006CC8	0x00000098	[ 12] __ZN5alloc7raw_vec19RawVec$LT$T$C$A$GT$8grow_one17h5b9361ba9c8845c1E
0x100006D60	0x000000A4	[ 12] __ZN5alloc7raw_vec19RawVec$LT$T$C$A$GT$8grow_one17h95c9845e0efb4637E
0x100006E04	0x000000A4	[ 12] __ZN5alloc7raw_vec19RawVec$LT$T$C$A$GT$8grow_one17he6775cfe14ff27d8E
0x100006EA8	0x000000B4	[ 12] __ZN5alloc7raw_vec19RawVec$LT$T$C$A$GT$8grow_one17hc84ba84809b63623E
0x100006F5C	0x000000B8	[ 12] __ZN5alloc7raw_vec19RawVec$LT$T$C$A$GT$8grow_one17hef150120d523d95dE
0x100007014	0x000000B8	[ 12] __ZN5alloc7raw_vec19RawVec$LT$T$C$A$GT$8grow_one17hf60c90f40d4b683cE
0x1000070CC	0x0000001C	[ 13] __ZN42_$LT$$RF$T$u20$as$u20$core..fmt..Debug$GT$3fmt17hfa1e3f5ae07945bcE
0x1000070E8	0x0000007C	[ 13] __ZN4core3ops8function6FnOnce40call_once$u7b$$u7b$vtable.shim$u7d$$u7d$17he3baa2fa24c1ab72E.llvm.5400098445981890680
0x100007164	0x0000000C	[ 13] __ZN4core3ops8function6FnOnce9call_once17h8e108f88552875b6E
0x100007170	0x00000084	[ 13] __ZN4core3ptr280drop_in_place$LT$$LT$alloc..collections..btree..map..IntoIter$LT$K$C$V$C$A$GT$$u20$as$u20$core..ops..drop..Drop$GT$..drop..DropGuard$LT$u64$C$core..result..Result$LT$alloc..sync..Arc$LT$gimli..read..abbrev..Abbreviations$GT$$C$gimli..read..Error$GT$$C$alloc..alloc..Global$GT$$GT$17h71562545de28a279E.llvm.5400098445981890680
0x1000071F4	0x000000B4	[ 13] __ZN4core3ptr42drop_in_place$LT$std..io..error..Error$GT$17hcb45474da1d587ddE
0x1000072A8	0x00000020	[ 13] __ZN4core3ptr81drop_in_place$LT$core..result..Result$LT$$LP$$RP$$C$std..io..error..Error$GT$$GT$17h7294201b8e180ab7E
0x1000072C8	0x00000094	[ 13] __ZN5alloc11collections5btree3map25BTreeMap$LT$K$C$V$C$A$GT$3get17hbab35bb9d7df3c4fE
0x10000735C	0x00000214	[ 13] __ZN5alloc11collections5btree3map25IntoIter$LT$K$C$V$C$A$GT$10dying_next17h4a639a245c6f11e7E.llvm.5400098445981890680
0x100007570	0x00000214	[ 13] __ZN5alloc11collections5btree3map25IntoIter$LT$K$C$V$C$A$GT$10dying_next17hbda87ce3726c7313E.llvm.5400098445981890680
0x100007784	0x000000CC	[ 13] __ZN99_$LT$alloc..collections..btree..map..BTreeMap$LT$K$C$V$C$A$GT$$u20$as$u20$core..ops..drop..Drop$GT$4drop17ha3547d051d2bba43E
0x100007850	0x000000B0	[ 13] __ZN99_$LT$alloc..collections..btree..map..BTreeMap$LT$K$C$V$C$A$GT$$u20$as$u20$core..ops..drop..Drop$GT$4drop17hbb45788399ba24f1E
0x100007900	0x00000108	[ 13] __ZN3std2rt19lang_start_internal17h47d7f1f6477d860bE
0x100007A08	0x00000044	[ 13] __ZN3std2rt19lang_start_internal28_$u7b$$u7b$closure$u7d$$u7d$17h8c42a37c97dd16f5E
0x100007A4C	0x0000007C	[ 13] __ZN3std4sync4once4Once9call_once28_$u7b$$u7b$closure$u7d$$u7d$17h764dd5cf3eac945cE.llvm.5400098445981890680
0x100007AC8	0x00000064	[ 14] __ZN4core3ptr250drop_in_place$LT$$LP$gimli..read..UnitOffset$C$addr2line..lazy..LazyCell$LT$core..result..Result$LT$addr2line..function..Function$LT$gimli..read..endian_slice..EndianSlice$LT$gimli..endianity..LittleEndian$GT$$GT$$C$gimli..read..Error$GT$$GT$$RP$$GT$17h4405fa294692b9f3E
0x100007B2C	0x000000AC	[ 14] __ZN4core3ptr273drop_in_place$LT$alloc..vec..Vec$LT$$LP$gimli..read..UnitOffset$C$addr2line..lazy..LazyCell$LT$core..result..Result$LT$addr2line..function..Function$LT$gimli..read..endian_slice..EndianSlice$LT$gimli..endianity..LittleEndian$GT$$GT$$C$gimli..read..Error$GT$$GT$$RP$$GT$$GT$17h36369a2b5eb8ca2fE
0x100007BD8	0x0000009C	[ 14] __ZN4core3ptr285drop_in_place$LT$alloc..boxed..Box$LT$$u5b$$LP$gimli..read..UnitOffset$C$addr2line..lazy..LazyCell$LT$core..result..Result$LT$addr2line..function..Function$LT$gimli..read..endian_slice..EndianSlice$LT$gimli..endianity..LittleEndian$GT$$GT$$C$gimli..read..Error$GT$$GT$$RP$$u5d$$GT$$GT$17h040ed53b9a328aa7E
0x100007C74	0x00000EA8	[ 14] __ZN5gimli4read4unit15parse_attribute17h8651c3df66556209E
0x100008B1C	0x00000520	[ 14] __ZN5gimli4read4unit15skip_attributes17hc25153421f29d705E
0x10000903C	0x00000680	[ 14] __ZN5gimli4read4unit18Attribute$LT$R$GT$5value17h275ed216581709acE
0x1000096BC	0x000002D0	[ 14] __ZN5gimli4read4unit22EntriesCursor$LT$R$GT$10next_entry17he0e9e3dbaa11f712E
0x10000998C	0x00000090	[ 14] __ZN5gimli4read4unit32AttributeValue$LT$R$C$Offset$GT$11udata_value17h95dce7c9acb7848aE
0x100009A1C	0x00000098	[ 14] __ZN5gimli4read4unit32AttributeValue$LT$R$C$Offset$GT$8u8_value17hc6aa47b2cea6fa0dE
0x100009AB4	0x00000098	[ 14] __ZN5gimli4read4unit32AttributeValue$LT$R$C$Offset$GT$9u16_value17hf671abcc19f00a3eE
0x100009B4C	0x000004DC	[ 14] __ZN5gimli4read4unit33DebugInfoUnitHeadersIter$LT$R$GT$4next17h8f990e1306416babE
0x10000A028	0x00000158	[ 14] __ZN5gimli4read4unit43DebuggingInformationEntry$LT$R$C$Offset$GT$10attr_value17h96908641d046452cE
0x10000A180	0x0000091C	[ 14] __ZN5gimli4read8rnglists20RngListIter$LT$R$GT$4next17hf64fa078f20cd092E
0x10000AA9C	0x0000036C	[ 14] __ZN9addr2line8function10name_entry17haa97f237e8785b23E
0x10000AE08	0x00000C70	[ 14] __ZN9addr2line8function17Function$LT$R$GT$14parse_children17ha51408378a2afc1aE
0x10000BA78	0x00000160	[ 14] __ZN9addr2line8function17Function$LT$R$GT$22find_inlined_functions17h9aee899c7c3e82d8E
0x10000BBD8	0x000005BC	[ 14] __ZN9addr2line8function17Function$LT$R$GT$5parse17hee03c6254d804cc1E
0x10000C194	0x0000083C	[ 14] __ZN9addr2line8function18Functions$LT$R$GT$5parse17h68875ea8d4275466E
0x10000C9D0	0x00000190	[ 14] __ZN9addr2line8function9name_attr17hee630de70b275804E
0x10000CB60	0x000000EC	[ 15] __ZN6object4read5macho4file10MachHeader4uuid17hfc1df727a011ddb3E
0x10000CC4C	0x00000190	[ 15] __ZN3std4path10Components15len_before_body17h65616256cf23e61fE
0x10000CDDC	0x0000032C	[ 15] __ZN3std4path10Components7as_path17he5e59fd331ad0ed6E
0x10000D108	0x00000120	[ 15] __ZN3std4path10Components25parse_next_component_back17hd7e874098fc07ea0E
0x10000D228	0x000004E4	[ 15] __ZN80_$LT$std..path..Components$u20$as$u20$core..iter..traits..iterator..Iterator$GT$4next17hb2287b9cc989ff12E
0x10000D70C	0x00000324	[ 15] __ZN95_$LT$std..path..Components$u20$as$u20$core..iter..traits..double_ended..DoubleEndedIterator$GT$9next_back17hfc4f77481ce82baaE
0x10000DA30	0x0000008C	[ 15] __ZN3std4path4Path6parent17h2d2088e27bed8eeeE
0x10000DABC	0x0000021C	[ 15] __ZN3std4path4Path13_strip_prefix17ha6d25ec7e710ec9bE
0x10000DCD8	0x0000018C	[ 15] __ZN3std4path4Path5_join17h65ae538b38d12a03E
0x10000DE64	0x000002A8	[ 15] __ZN3std3sys11personality5dwarf2eh14find_eh_action17ha17141c6118fa52eE
0x10000E10C	0x00000150	[ 15] __ZN3std3sys11personality5dwarf2eh19read_encoded_offset17h03d263dd57428380E
0x10000E25C	0x0000014C	[ 15] __ZN61_$LT$std..path..Component$u20$as$u20$core..cmp..PartialEq$GT$2eq17h7e618ecfacb539d3E
0x10000E3A8	0x00000018	[ 16] __ZN4core3ops8function6FnOnce40call_once$u7b$$u7b$vtable.shim$u7d$$u7d$17h6e9348ab255e1ecaE
0x10000E3C0	0x00000018	[ 16] __ZN4core3ops8function6FnOnce40call_once$u7b$$u7b$vtable.shim$u7d$$u7d$17hd625627ce31f2250E
0x10000E3D8	0x0000006C	[ 16] __ZN4core3ptr104drop_in_place$LT$alloc..vec..Vec$LT$$LP$usize$C$std..backtrace_rs..symbolize..gimli..Mapping$RP$$GT$$GT$17h135dbf2ff7d45d2dE
0x10000E444	0x000000F0	[ 16] __ZN4core3ptr119drop_in_place$LT$addr2line..lazy..LazyCell$LT$core..result..Result$LT$addr2line..Lines$C$gimli..read..Error$GT$$GT$$GT$17h9951bd3aa6e758c6E
0x10000E534	0x00000120	[ 16] __ZN4core3ptr123drop_in_place$LT$addr2line..Context$LT$gimli..read..endian_slice..EndianSlice$LT$gimli..endianity..LittleEndian$GT$$GT$$GT$17hbe93448efbef0bfeE
0x10000E654	0x00000090	[ 16] __ZN4core3ptr123drop_in_place$LT$addr2line..ResUnit$LT$gimli..read..endian_slice..EndianSlice$LT$gimli..endianity..LittleEndian$GT$$GT$$GT$17hfa4b599b89ec45e8E
0x10000E6E4	0x00000054	[ 16] __ZN4core3ptr123drop_in_place$LT$addr2line..SupUnit$LT$gimli..read..endian_slice..EndianSlice$LT$gimli..endianity..LittleEndian$GT$$GT$$GT$17h6bb4b93d08214928E
0x10000E738	0x00000058	[ 16] __ZN4core3ptr130drop_in_place$LT$gimli..read..dwarf..Dwarf$LT$gimli..read..endian_slice..EndianSlice$LT$gimli..endianity..LittleEndian$GT$$GT$$GT$17h417f7737461d4e82E
0x10000E790	0x00000054	[ 16] __ZN4core3ptr137drop_in_place$LT$gimli..read..dwarf..Unit$LT$gimli..read..endian_slice..EndianSlice$LT$gimli..endianity..LittleEndian$GT$$C$usize$GT$$GT$17hef56744f40f533deE
0x10000E7E4	0x000000C4	[ 16] __ZN4core3ptr146drop_in_place$LT$alloc..vec..Vec$LT$addr2line..ResUnit$LT$gimli..read..endian_slice..EndianSlice$LT$gimli..endianity..LittleEndian$GT$$GT$$GT$$GT$17h5e60c0748c23b5edE
0x10000E8A8	0x00000078	[ 16] __ZN4core3ptr146drop_in_place$LT$alloc..vec..Vec$LT$addr2line..SupUnit$LT$gimli..read..endian_slice..EndianSlice$LT$gimli..endianity..LittleEndian$GT$$GT$$GT$$GT$17h8d26dffb8f42d7ffE
0x10000E920	0x000000B4	[ 16] __ZN4core3ptr158drop_in_place$LT$alloc..boxed..Box$LT$$u5b$addr2line..ResUnit$LT$gimli..read..endian_slice..EndianSlice$LT$gimli..endianity..LittleEndian$GT$$GT$$u5d$$GT$$GT$17h5fb2bff28d516bddE
0x10000E9D4	0x000000E4	[ 16] __ZN4core3ptr158drop_in_place$LT$alloc..boxed..Box$LT$$u5b$addr2line..SupUnit$LT$gimli..read..endian_slice..EndianSlice$LT$gimli..endianity..LittleEndian$GT$$GT$$u5d$$GT$$GT$17h3d1c67fd42ddaacbE
0x10000EAB8	0x00000058	[ 16] __ZN4core3ptr159drop_in_place$LT$alloc..sync..ArcInner$LT$gimli..read..dwarf..Dwarf$LT$gimli..read..endian_slice..EndianSlice$LT$gimli..endianity..LittleEndian$GT$$GT$$GT$$GT$17h736c31b5ff015e95E
0x10000EB10	0x00000094	[ 16] __ZN4core3ptr181drop_in_place$LT$core..option..Option$LT$gimli..read..line..IncompleteLineProgram$LT$gimli..read..endian_slice..EndianSlice$LT$gimli..endianity..LittleEndian$GT$$C$usize$GT$$GT$$GT$17h2706a0b4e0570c3dE
0x10000EBA4	0x000000E4	[ 16] __ZN4core3ptr217drop_in_place$LT$addr2line..lazy..LazyCell$LT$core..result..Result$LT$addr2line..function..Functions$LT$gimli..read..endian_slice..EndianSlice$LT$gimli..endianity..LittleEndian$GT$$GT$$C$gimli..read..Error$GT$$GT$$GT$17h5bb8e8e619106479E
0x10000EC88	0x000000DC	[ 16] __ZN4core3ptr416drop_in_place$LT$addr2line..lazy..LazyCell$LT$core..result..Result$LT$core..option..Option$LT$alloc..boxed..Box$LT$$LP$alloc..sync..Arc$LT$gimli..read..dwarf..Dwarf$LT$gimli..read..endian_slice..EndianSlice$LT$gimli..endianity..LittleEndian$GT$$GT$$GT$$C$gimli..read..dwarf..Unit$LT$gimli..read..endian_slice..EndianSlice$LT$gimli..endianity..LittleEndian$GT$$C$usize$GT$$RP$$GT$$GT$$C$gimli..read..Error$GT$$GT$$GT$17hc3bbfbbfdea5bc10E
0x10000ED64	0x000000B4	[ 16] __ZN4core3ptr42drop_in_place$LT$std..io..error..Error$GT$17hcb45474da1d587ddE.llvm.7023832212743023231
0x10000EE18	0x00000070	[ 16] __ZN4core3ptr65drop_in_place$LT$std..backtrace_rs..symbolize..gimli..Mapping$GT$17hc8dd9bcef2f4bef9E
0x10000EE88	0x000000B8	[ 16] __ZN4core3ptr70drop_in_place$LT$std..backtrace_rs..symbolize..gimli..stash..Stash$GT$17he919e22bd1573b8cE
0x10000EF40	0x0000015C	[ 16] __ZN4core3ptr71drop_in_place$LT$std..backtrace_rs..symbolize..gimli..macho..Object$GT$17ha3f208765044fe97E
0x10000F09C	0x0000008C	[ 16] __ZN4core3ptr93drop_in_place$LT$core..option..Option$LT$std..backtrace_rs..symbolize..gimli..Mapping$GT$$GT$17h319b99f9f05068a3E
0x10000F128	0x0000006C	[ 16] ___rdl_alloc
0x10000F194	0x00000010	[ 16] ___rdl_dealloc
0x10000F1A4	0x000000B0	[ 16] ___rdl_realloc
0x10000F254	0x00000018	[ 16] __ZN3std3sys11personality3gcc14find_eh_action28_$u7b$$u7b$closure$u7d$$u7d$17h147ae2a3b910042cE
0x10000F26C	0x00000018	[ 16] __ZN3std3sys11personality3gcc14find_eh_action28_$u7b$$u7b$closure$u7d$$u7d$17h7731b23cba6a023dE
0x10000F284	0x00000148	[ 16] _rust_eh_personality
0x10000F3CC	0x0000021C	[ 16] __ZN3std12backtrace_rs9symbolize5gimli7Mapping11mk_or_other17h5f69d99ddaf16a72E
0x10000F5E8	0x00000760	[ 16] __ZN3std12backtrace_rs9symbolize5gimli7Context3new17h370cb5601d2f440dE
0x10000FD48	0x000001EC	[ 16] __ZN3std12backtrace_rs9symbolize5gimli4mmap17h1eea4c0c5ef9f32aE
0x10000FF34	0x00001868	[ 16] __ZN3std12backtrace_rs9symbolize5gimli7resolve17hbf3eaf485e2603b3E
0x10001179C	0x000000E4	[ 16] __ZN3std12backtrace_rs9symbolize5gimli6Symbol4name17h8c376596964716beE
0x100011880	0x00000030	[ 17] __ZN36_$LT$T$u20$as$u20$core..any..Any$GT$7type_id17hf91387e135fa9aacE
0x1000118B0	0x00000184	[ 17] __ZN4core3fmt5Write10write_char17h0daa0c94ae01de81E
0x100011A34	0x00000150	[ 17] __ZN4core3fmt5Write10write_char17haa3722273edb2249E
0x100011B84	0x00000120	[ 17] __ZN4core3fmt5Write10write_char17hddc7b472c0e867a2E
0x100011CA4	0x0000001C	[ 17] __ZN4core3fmt5Write9write_fmt17h11cb69b6a3067278E
0x100011CC0	0x0000001C	[ 17] __ZN4core3fmt5Write9write_fmt17h8d0fbcbdf6684cc5E
0x100011CDC	0x0000001C	[ 17] __ZN4core3fmt5Write9write_fmt17hb5dcabaad28511d8E
0x100011CF8	0x0000002C	[ 17] __ZN4core3ptr131drop_in_place$LT$alloc..vec..Vec$LT$$LP$$BP$mut$u20$u8$C$unsafe$u20$extern$u20$$u22$C$u22$$u20$fn$LP$$BP$mut$u20$u8$RP$$RP$$GT$$GT$17hcbee0ba22c155b98E
0x100011D24	0x000000B4	[ 17] __ZN4core3ptr42drop_in_place$LT$std..io..error..Error$GT$17hcb45474da1d587ddE.llvm.8489304037756973032
0x100011DD8	0x0000001C	[ 17] __ZN4core3ptr81drop_in_place$LT$core..result..Result$LT$$LP$$RP$$C$std..io..error..Error$GT$$GT$17h7294201b8e180ab7E
0x100011DF4	0x00000020	[ 17] __ZN4core3ptr88drop_in_place$LT$std..io..Write..write_fmt..Adapter$LT$alloc..vec..Vec$LT$u8$GT$$GT$$GT$17he66c156ed28fb49bE
0x100011E14	0x00000060	[ 17] __ZN4core3ptr90drop_in_place$LT$std..io..buffered..bufwriter..BufWriter$LT$W$GT$..flush_buf..BufGuard$GT$17h6b43ccea50ab96d8E
0x100011E74	0x00000158	[ 17] __ZN3std2io8buffered9bufwriter18BufWriter$LT$W$GT$9flush_buf17ha26df0b53e7d3ef5E.llvm.8489304037756973032
0x100011FCC	0x000001B8	[ 17] __ZN93_$LT$std..io..buffered..linewritershim..LineWriterShim$LT$W$GT$$u20$as$u20$std..io..Write$GT$9write_all17h4e3fb937a4aac29fE
0x100012184	0x000000A4	[ 17] __ZN80_$LT$std..io..Write..write_fmt..Adapter$LT$T$GT$$u20$as$u20$core..fmt..Write$GT$9write_str17h3142347b0ca9d5d7E
0x100012228	0x000000DC	[ 17] __ZN80_$LT$std..io..Write..write_fmt..Adapter$LT$T$GT$$u20$as$u20$core..fmt..Write$GT$9write_str17h3166a8352f3aaac5E
0x100012304	0x00000078	[ 17] __ZN80_$LT$std..io..Write..write_fmt..Adapter$LT$T$GT$$u20$as$u20$core..fmt..Write$GT$9write_str17hd51afd40088d5873E
0x10001237C	0x00000138	[ 17] __ZN3std3sys3pal4unix17thread_local_dtor13register_dtor17h747cb3535dbb6b3fE
0x1000124B4	0x00000110	[ 17] __ZN3std3sys3pal4unix17thread_local_dtor13register_dtor9run_dtors17hbc12c331227955c7E
0x1000125C4	0x00000030	[ 18] __ZN36_$LT$T$u20$as$u20$core..any..Any$GT$7type_id17he3290e4ac3bdcccbE
0x1000125F4	0x0000001C	[ 18] __ZN4core3fmt5Write9write_fmt17h2778a0e9d9ed5926E
0x100012610	0x00000044	[ 18] __ZN4core3ops8function6FnOnce40call_once$u7b$$u7b$vtable.shim$u7d$$u7d$17h53241feeaaaf8ef9E.llvm.12803748338881072764
0x100012654	0x00000078	[ 18] __ZN4core3ops8function6FnOnce40call_once$u7b$$u7b$vtable.shim$u7d$$u7d$17h5faebae5f35e46d5E.llvm.12803748338881072764
0x1000126CC	0x00000028	[ 18] __ZN4core3ptr42drop_in_place$LT$alloc..string..String$GT$17hcb0c2ec8a2535831E
0x1000126F4	0x000000B4	[ 18] __ZN4core3ptr42drop_in_place$LT$std..io..error..Error$GT$17hcb45474da1d587ddE.llvm.12803748338881072764
0x1000127A8	0x00000044	[ 18] __ZN4core3ptr62drop_in_place$LT$std..sys..sync..rwlock..queue..PanicGuard$GT$17h93c2edfa5d9e0c94E
0x1000127EC	0x0000006C	[ 18] __ZN4core3ptr65drop_in_place$LT$std..sync..mutex..MutexGuard$LT$$LP$$RP$$GT$$GT$17hc52bf6cb49a1c472E
0x100012858	0x00000020	[ 18] __ZN4core3ptr81drop_in_place$LT$core..result..Result$LT$$LP$$RP$$C$std..io..error..Error$GT$$GT$17h7294201b8e180ab7E
0x100012878	0x00000078	[ 18] __ZN4core3ptr91drop_in_place$LT$alloc..boxed..Box$LT$dyn$u20$core..any..Any$u2b$core..marker..Send$GT$$GT$17h50d4ced5898779e9E.llvm.12803748338881072764
0x1000128F0	0x0000002C	[ 18] __ZN4core3ptr92drop_in_place$LT$alloc..boxed..Box$LT$std..sys..sync..mutex..pthread..AllocatedMutex$GT$$GT$17h43281c04d18a8ee9E.llvm.12803748338881072764
0x10001291C	0x00000140	[ 18] __ZN58_$LT$alloc..string..String$u20$as$u20$core..fmt..Write$GT$10write_char17he54c50286c371876E
0x100012A5C	0x00000078	[ 18] __ZN58_$LT$alloc..string..String$u20$as$u20$core..fmt..Write$GT$9write_str17h1b015f2d8b8bbe49E
0x100012AD4	0x0000007C	[ 18] __ZN3std2io5impls74_$LT$impl$u20$std..io..Write$u20$for$u20$alloc..vec..Vec$LT$u8$C$A$GT$$GT$5write17ha17ae8d0dbd326f2E
0x100012B50	0x00000168	[ 18] __ZN3std2io5impls74_$LT$impl$u20$std..io..Write$u20$for$u20$alloc..vec..Vec$LT$u8$C$A$GT$$GT$14write_vectored17h0f6f79fdc61ee526E
0x100012CB8	0x00000014	[ 18] __ZN3std2io5impls74_$LT$impl$u20$std..io..Write$u20$for$u20$alloc..vec..Vec$LT$u8$C$A$GT$$GT$17is_write_vectored17h27114500115dc832E
0x100012CCC	0x00000078	[ 18] __ZN3std2io5impls74_$LT$impl$u20$std..io..Write$u20$for$u20$alloc..vec..Vec$LT$u8$C$A$GT$$GT$9write_all17hb29cbe50ad4de874E
0x100012D44	0x00000014	[ 18] __ZN3std2io5impls74_$LT$impl$u20$std..io..Write$u20$for$u20$alloc..vec..Vec$LT$u8$C$A$GT$$GT$5flush17hb3b3a3e83f2ecce3E
0x100012D58	0x00000044	[ 18] __ZN3std4sync4once4Once15call_once_force28_$u7b$$u7b$closure$u7d$$u7d$17h32f087a07bd2d7f7E.llvm.12803748338881072764
0x100012D9C	0x00000078	[ 18] __ZN3std4sync4once4Once15call_once_force28_$u7b$$u7b$closure$u7d$$u7d$17hf1af0acd0e279174E.llvm.12803748338881072764
0x100012E14	0x000000A4	[ 18] __ZN3std4sync14reentrant_lock22ReentrantLock$LT$T$GT$4lock17he1003e6783014e04E
0x100012EB8	0x00000094	[ 18] __ZN3std4sync14reentrant_lock22ReentrantLock$LT$T$GT$8try_lock17h7e05d1cf58d8ef62E
0x100012F4C	0x00000044	[ 18] __ZN85_$LT$std..sync..rwlock..RwLockReadGuard$LT$T$GT$$u20$as$u20$core..ops..drop..Drop$GT$4drop17h65a97a3ae3de11bcE
0x100012F90	0x000000B4	[ 18] ___rust_drop_panic
0x100013044	0x000000B4	[ 18] ___rust_foreign_exception
0x1000130F8	0x000003DC	[ 18] __ZN3std9panicking12default_hook17h1574e360da6cf342E
0x1000134D4	0x00000130	[ 18] __ZN3std9panicking12default_hook28_$u7b$$u7b$closure$u7d$$u7d$17h9ee44d77b22015e9E
0x100013604	0x0000009C	[ 18] __ZN3std9panicking3try17h9eb4926af0fb4f23E
0x1000136A0	0x00000034	[ 18] _rust_begin_unwind
0x1000136D4	0x000000F8	[ 18] __ZN102_$LT$std..panicking..begin_panic_handler..FormatStringPayload$u20$as$u20$core..panic..PanicPayload$GT$8take_box17ha1ab60f625039d6bE
0x1000137CC	0x00000098	[ 18] __ZN102_$LT$std..panicking..begin_panic_handler..FormatStringPayload$u20$as$u20$core..panic..PanicPayload$GT$3get17h5ea4ab33f43890f7E
0x100013864	0x00000050	[ 18] __ZN99_$LT$std..panicking..begin_panic_handler..StaticStrPayload$u20$as$u20$core..panic..PanicPayload$GT$8take_box17h1c14c5e6424a5b2bE
0x1000138B4	0x00000748	[ 18] __ZN3std9panicking20rust_panic_with_hook17h8c63523cb5f49fbcE
0x100013FFC	0x00000060	[ 18] _rust_panic
0x10001405C	0x00000170	[ 18] __ZN3std3sys3pal4unix14stack_overflow3imp14signal_handler17h98a2d45260042979E
0x1000141CC	0x0000027C	[ 18] __ZN3std3sys3pal4unix14stack_overflow3imp4init17h09425679b31f79bdE
0x100014448	0x000001DC	[ 18] __ZN3std3sys3pal4unix14stack_overflow3imp12make_handler17h597158d435bce829E
0x100014624	0x00000014	[ 18] __ZN69_$LT$std..sys..pal..unix..stdio..Stderr$u20$as$u20$std..io..Write$GT$17is_write_vectored17hbdd9593a616fbf57E
0x100014638	0x00000014	[ 18] __ZN69_$LT$std..sys..pal..unix..stdio..Stderr$u20$as$u20$std..io..Write$GT$5flush17he4a5fbbad7fa153eE
0x10001464C	0x000001C8	[ 18] __ZN102_$LT$std..sys..sync..mutex..pthread..AllocatedMutex$u20$as$u20$std..sys_common..lazy_box..LazyInit$GT$4init17h19c7f7989138f145E
0x100014814	0x000000EC	[ 18] __ZN82_$LT$std..sys..sync..once..queue..WaiterQueue$u20$as$u20$core..ops..drop..Drop$GT$4drop17h5dcc0ab30946052eE
0x100014900	0x00000018	[ 18] __ZN3std3sys4sync6rwlock5queue10write_lock17h6e4787267754a08fE
0x100014918	0x00000048	[ 18] __ZN3std3sys4sync6rwlock5queue9read_lock17h779d50cea10ae312E
0x100014960	0x0000017C	[ 18] __ZN3std3sys4sync6rwlock5queue6RwLock12unlock_queue17h3278a0393dd86489E.llvm.12803748338881072764
0x100014ADC	0x00000010	[ 19] __ZN4core3ops8function6FnOnce40call_once$u7b$$u7b$vtable.shim$u7d$$u7d$17ha1ce37d25908bbe3E.llvm.5901335036227522380
0x100014AEC	0x000000F0	[ 19] __ZN4core3ptr119drop_in_place$LT$addr2line..lazy..LazyCell$LT$core..result..Result$LT$addr2line..Lines$C$gimli..read..Error$GT$$GT$$GT$17h9951bd3aa6e758c6E.llvm.5901335036227522380
0x100014BDC	0x00000090	[ 19] __ZN4core3ptr123drop_in_place$LT$addr2line..ResUnit$LT$gimli..read..endian_slice..EndianSlice$LT$gimli..endianity..LittleEndian$GT$$GT$$GT$17hfa4b599b89ec45e8E.llvm.5901335036227522380
0x100014C6C	0x00000054	[ 19] __ZN4core3ptr123drop_in_place$LT$addr2line..SupUnit$LT$gimli..read..endian_slice..EndianSlice$LT$gimli..endianity..LittleEndian$GT$$GT$$GT$17h6bb4b93d08214928E.llvm.5901335036227522380
0x100014CC0	0x000000D0	[ 19] __ZN4core3ptr131drop_in_place$LT$$u5b$core..option..Option$LT$core..option..Option$LT$std..backtrace_rs..symbolize..gimli..Mapping$GT$$GT$$u5d$$GT$17h56da19caadaa5a7dE.llvm.5901335036227522380
0x100014D90	0x0000009C	[ 19] __ZN4core3ptr133drop_in_place$LT$$u5b$addr2line..SupUnit$LT$gimli..read..endian_slice..EndianSlice$LT$gimli..endianity..LittleEndian$GT$$GT$$u5d$$GT$17h0cc5faee3cbdd923E.llvm.5901335036227522380
0x100014E2C	0x00000054	[ 19] __ZN4core3ptr137drop_in_place$LT$gimli..read..dwarf..Unit$LT$gimli..read..endian_slice..EndianSlice$LT$gimli..endianity..LittleEndian$GT$$C$usize$GT$$GT$17hef56744f40f533deE.llvm.5901335036227522380
0x100014E80	0x00000078	[ 19] __ZN4core3ptr144drop_in_place$LT$alloc..vec..Vec$LT$core..option..Option$LT$core..option..Option$LT$std..backtrace_rs..symbolize..gimli..Mapping$GT$$GT$$GT$$GT$17ha5b0818735b3f10cE.llvm.5901335036227522380
0x100014EF8	0x000000C4	[ 19] __ZN4core3ptr146drop_in_place$LT$alloc..vec..Vec$LT$addr2line..ResUnit$LT$gimli..read..endian_slice..EndianSlice$LT$gimli..endianity..LittleEndian$GT$$GT$$GT$$GT$17h5e60c0748c23b5edE.llvm.5901335036227522380
0x100014FBC	0x000000F4	[ 19] __ZN4core3ptr146drop_in_place$LT$alloc..vec..Vec$LT$addr2line..SupUnit$LT$gimli..read..endian_slice..EndianSlice$LT$gimli..endianity..LittleEndian$GT$$GT$$GT$$GT$17h8d26dffb8f42d7ffE.llvm.5901335036227522380
0x1000150B0	0x000000B4	[ 19] __ZN4core3ptr158drop_in_place$LT$alloc..boxed..Box$LT$$u5b$addr2line..ResUnit$LT$gimli..read..endian_slice..EndianSlice$LT$gimli..endianity..LittleEndian$GT$$GT$$u5d$$GT$$GT$17h5fb2bff28d516bddE
0x100015164	0x000000E4	[ 19] __ZN4core3ptr158drop_in_place$LT$alloc..boxed..Box$LT$$u5b$addr2line..SupUnit$LT$gimli..read..endian_slice..EndianSlice$LT$gimli..endianity..LittleEndian$GT$$GT$$u5d$$GT$$GT$17h3d1c67fd42ddaacbE
0x100015248	0x00000094	[ 19] __ZN4core3ptr181drop_in_place$LT$core..option..Option$LT$gimli..read..line..IncompleteLineProgram$LT$gimli..read..endian_slice..EndianSlice$LT$gimli..endianity..LittleEndian$GT$$C$usize$GT$$GT$$GT$17h2706a0b4e0570c3dE.llvm.5901335036227522380
0x1000152DC	0x000000E4	[ 19] __ZN4core3ptr217drop_in_place$LT$addr2line..lazy..LazyCell$LT$core..result..Result$LT$addr2line..function..Functions$LT$gimli..read..endian_slice..EndianSlice$LT$gimli..endianity..LittleEndian$GT$$GT$$C$gimli..read..Error$GT$$GT$$GT$17h5bb8e8e619106479E.llvm.5901335036227522380
0x1000153C0	0x000000AC	[ 19] __ZN4core3ptr273drop_in_place$LT$alloc..vec..Vec$LT$$LP$gimli..read..UnitOffset$C$addr2line..lazy..LazyCell$LT$core..result..Result$LT$addr2line..function..Function$LT$gimli..read..endian_slice..EndianSlice$LT$gimli..endianity..LittleEndian$GT$$GT$$C$gimli..read..Error$GT$$GT$$RP$$GT$$GT$17h36369a2b5eb8ca2fE.llvm.5901335036227522380
0x10001546C	0x000000DC	[ 19] __ZN4core3ptr416drop_in_place$LT$addr2line..lazy..LazyCell$LT$core..result..Result$LT$core..option..Option$LT$alloc..boxed..Box$LT$$LP$alloc..sync..Arc$LT$gimli..read..dwarf..Dwarf$LT$gimli..read..endian_slice..EndianSlice$LT$gimli..endianity..LittleEndian$GT$$GT$$GT$$C$gimli..read..dwarf..Unit$LT$gimli..read..endian_slice..EndianSlice$LT$gimli..endianity..LittleEndian$GT$$C$usize$GT$$RP$$GT$$GT$$C$gimli..read..Error$GT$$GT$$GT$17hc3bbfbbfdea5bc10E.llvm.5901335036227522380
0x100015548	0x000000B4	[ 19] __ZN4core3ptr42drop_in_place$LT$std..io..error..Error$GT$17hcb45474da1d587ddE.llvm.5901335036227522380
0x1000155FC	0x0000003C	[ 19] __ZN4core3ptr44drop_in_place$LT$std..thread..PanicGuard$GT$17h62f1f55f96c5960cE
0x100015638	0x0000003C	[ 19] __ZN4core3ptr44drop_in_place$LT$std..thread..ThreadName$GT$17h368c52930f59458bE.llvm.5901335036227522380
0x100015674	0x00000080	[ 19] __ZN4core3ptr65drop_in_place$LT$alloc..vec..Vec$LT$alloc..string..String$GT$$GT$17h96aa15da6c0c64aaE.llvm.5901335036227522380
0x1000156F4	0x00000330	[ 19] __ZN4core3ptr65drop_in_place$LT$std..backtrace_rs..symbolize..gimli..Context$GT$17hf23b7787400f353aE.llvm.5901335036227522380
0x100015A24	0x00000084	[ 19] __ZN4core3ptr67drop_in_place$LT$alloc..vec..Vec$LT$addr2line..LineSequence$GT$$GT$17h725e148ccf773529E.llvm.5901335036227522380
0x100015AA8	0x000000B8	[ 19] __ZN4core3ptr70drop_in_place$LT$std..backtrace_rs..symbolize..gimli..stash..Stash$GT$17he919e22bd1573b8cE.llvm.5901335036227522380
0x100015B60	0x000000D8	[ 19] __ZN4core3ptr71drop_in_place$LT$std..backtrace_rs..symbolize..gimli..macho..Object$GT$17ha3f208765044fe97E
0x100015C38	0x00000054	[ 19] __ZN4core3ptr81drop_in_place$LT$$LP$usize$C$std..backtrace_rs..symbolize..gimli..Mapping$RP$$GT$17hc3e8ae3b6204d594E.llvm.5901335036227522380
0x100015C8C	0x0000001C	[ 19] __ZN4core3ptr81drop_in_place$LT$core..result..Result$LT$$LP$$RP$$C$std..io..error..Error$GT$$GT$17h7294201b8e180ab7E
0x100015CA8	0x0000003C	[ 19] __ZN4core3ptr82drop_in_place$LT$std..sys..thread_local..abort_on_dtor_unwind..DtorUnwindGuard$GT$17hcc79b643abea35c6E
0x100015CE4	0x00000020	[ 19] __ZN4core3ptr97drop_in_place$LT$std..io..Write..write_fmt..Adapter$LT$std..sys..pal..unix..stdio..Stdout$GT$$GT$17h49b4588a396be238E.llvm.5901335036227522380
0x100015D04	0x0000006C	[ 19] __ZN4core3ptr93drop_in_place$LT$core..option..Option$LT$std..backtrace_rs..symbolize..gimli..Mapping$GT$$GT$17h319b99f9f05068a3E.llvm.5901335036227522380
0x100015D70	0x0000005C	[ 19] __ZN4core3ptr95drop_in_place$LT$core..option..IntoIter$LT$std..backtrace_rs..symbolize..gimli..Library$GT$$GT$17h8506e81d4d027958E.llvm.5901335036227522380
0x100015DCC	0x00000468	[ 19] __ZN55_$LT$$RF$str$u20$as$u20$core..str..pattern..Pattern$GT$15is_contained_in17hdcb6cb69d1f55b9dE
0x100016234	0x000000A0	[ 19] __ZN5alloc3vec16Vec$LT$T$C$A$GT$16into_boxed_slice17h1b43fb4a05b9bb5bE
0x1000162D4	0x0000009C	[ 19] __ZN5alloc3vec16Vec$LT$T$C$A$GT$16into_boxed_slice17h40758f81b4112facE
0x100016370	0x0000009C	[ 19] __ZN5alloc3vec16Vec$LT$T$C$A$GT$16into_boxed_slice17h64f3b103bb5f82d8E
0x10001640C	0x000000A0	[ 19] __ZN5alloc3vec16Vec$LT$T$C$A$GT$16into_boxed_slice17h810527f3675754a2E
0x1000164AC	0x000000A0	[ 19] __ZN5alloc3vec16Vec$LT$T$C$A$GT$16into_boxed_slice17hb0830d0811cffc26E
0x10001654C	0x00000094	[ 19] __ZN5alloc3vec16Vec$LT$T$C$A$GT$16into_boxed_slice17hb7a32d0a7a604f2aE
0x1000165E0	0x00000090	[ 19] __ZN70_$LT$alloc..vec..Vec$LT$T$C$A$GT$$u20$as$u20$core..ops..drop..Drop$GT$4drop17h5a39540c27dce19dE
0x100016670	0x000002A4	[ 19] __ZN98_$LT$alloc..vec..Vec$LT$T$GT$$u20$as$u20$alloc..vec..spec_from_iter..SpecFromIter$LT$T$C$I$GT$$GT$9from_iter17hf4fccc849c9dd986E
0x100016914	0x00000164	[ 19] __ZN3std6thread11set_current17h9b441770fe82ca6dE
0x100016A78	0x000000B8	[ 19] __ZN3std6thread11try_current17h70a88be7f4d2fca1E
0x100016B30	0x000000CC	[ 19] __ZN3std6thread7current17hbef602421fba2ed9E
0x100016BFC	0x00000138	[ 19] __ZN3std6thread4park17he866433f5788a432E
0x100016D34	0x00000158	[ 19] __ZN3std6thread6Thread9new_inner17hd41a1f4ac1e15c28E.llvm.5901335036227522380
0x100016E8C	0x000000B4	[ 19] __ZN3std2io5Write9write_all17h08a8e1ed2ec832c8E
0x100016F40	0x00000290	[ 19] __ZN3std2io5Write18write_all_vectored17h1173c91ddbbde3d7E
0x1000171D0	0x000001C4	[ 19] __ZN3std2io5Write18write_all_vectored17h2cc8ab4d9e5db4edE
0x100017394	0x000000A0	[ 19] __ZN3std2io5Write9write_fmt17h5408e35822583392E
0x100017434	0x000000A0	[ 19] __ZN3std2io5Write9write_fmt17hf214e623647db141E
0x1000174D4	0x0000025C	[ 19] __ZN3std10sys_common9backtrace10_print_fmt28_$u7b$$u7b$closure$u7d$$u7d$28_$u7b$$u7b$closure$u7d$$u7d$17hb80841cf759e178aE.llvm.5901335036227522380
0x100017730	0x00000100	[ 19] __ZN79_$LT$std..backtrace_rs..symbolize..SymbolName$u20$as$u20$core..fmt..Display$GT$3fmt17h8cb5c94c24daa229E
0x100017830	0x0000004C	[ 19] __ZN69_$LT$std..sys..pal..unix..stdio..Stderr$u20$as$u20$std..io..Write$GT$5write17h71455769c6bf179fE
0x10001787C	0x0000004C	[ 19] __ZN69_$LT$std..sys..pal..unix..stdio..Stderr$u20$as$u20$std..io..Write$GT$14write_vectored17h7b8447d33bb10741E
0x1000178C8	0x00000044	[ 19] __ZN3std3sys12thread_local10fast_local5eager7destroy17h8b38f3731fa9e2bcE
0x10001790C	0x0000016C	[ 20] __ZN4core3ptr123drop_in_place$LT$addr2line..ResUnit$LT$gimli..read..endian_slice..EndianSlice$LT$gimli..endianity..LittleEndian$GT$$GT$$GT$17hfa4b599b89ec45e8E
0x100017A78	0x00000054	[ 20] __ZN4core3ptr123drop_in_place$LT$addr2line..SupUnit$LT$gimli..read..endian_slice..EndianSlice$LT$gimli..endianity..LittleEndian$GT$$GT$$GT$17h6bb4b93d08214928E
0x100017ACC	0x00000054	[ 20] __ZN4core3ptr137drop_in_place$LT$gimli..read..dwarf..Unit$LT$gimli..read..endian_slice..EndianSlice$LT$gimli..endianity..LittleEndian$GT$$C$usize$GT$$GT$17hef56744f40f533deE
0x100017B20	0x00000078	[ 20] __ZN4core3ptr144drop_in_place$LT$alloc..vec..Vec$LT$core..option..Option$LT$core..option..Option$LT$std..backtrace_rs..symbolize..gimli..Mapping$GT$$GT$$GT$$GT$17ha5b0818735b3f10cE
0x100017B98	0x000000B4	[ 20] __ZN4core3ptr158drop_in_place$LT$alloc..boxed..Box$LT$$u5b$addr2line..ResUnit$LT$gimli..read..endian_slice..EndianSlice$LT$gimli..endianity..LittleEndian$GT$$GT$$u5d$$GT$$GT$17h5fb2bff28d516bddE
0x100017C4C	0x000000E4	[ 20] __ZN4core3ptr158drop_in_place$LT$alloc..boxed..Box$LT$$u5b$addr2line..SupUnit$LT$gimli..read..endian_slice..EndianSlice$LT$gimli..endianity..LittleEndian$GT$$GT$$u5d$$GT$$GT$17h3d1c67fd42ddaacbE
0x100017D30	0x00000058	[ 20] __ZN4core3ptr159drop_in_place$LT$alloc..sync..ArcInner$LT$gimli..read..dwarf..Dwarf$LT$gimli..read..endian_slice..EndianSlice$LT$gimli..endianity..LittleEndian$GT$$GT$$GT$$GT$17h736c31b5ff015e95E
0x100017D88	0x00000094	[ 20] __ZN4core3ptr181drop_in_place$LT$core..option..Option$LT$gimli..read..line..IncompleteLineProgram$LT$gimli..read..endian_slice..EndianSlice$LT$gimli..endianity..LittleEndian$GT$$C$usize$GT$$GT$$GT$17h2706a0b4e0570c3dE
0x100017E1C	0x000000D8	[ 20] __ZN4core3ptr184drop_in_place$LT$core..result..Result$LT$addr2line..function..Functions$LT$gimli..read..endian_slice..EndianSlice$LT$gimli..endianity..LittleEndian$GT$$GT$$C$gimli..read..Error$GT$$GT$17hf1b8f7926d1ea7d9E.llvm.10174067148674924747
0x100017EF4	0x00000088	[ 20] __ZN4core3ptr281drop_in_place$LT$$LP$alloc..sync..Arc$LT$gimli..read..dwarf..Dwarf$LT$gimli..read..endian_slice..EndianSlice$LT$gimli..endianity..LittleEndian$GT$$GT$$GT$$C$gimli..read..dwarf..Unit$LT$gimli..read..endian_slice..EndianSlice$LT$gimli..endianity..LittleEndian$GT$$C$usize$GT$$RP$$GT$17h0b216c579ca32b73E
0x100017F7C	0x000000DC	[ 20] __ZN4core3ptr416drop_in_place$LT$addr2line..lazy..LazyCell$LT$core..result..Result$LT$core..option..Option$LT$alloc..boxed..Box$LT$$LP$alloc..sync..Arc$LT$gimli..read..dwarf..Dwarf$LT$gimli..read..endian_slice..EndianSlice$LT$gimli..endianity..LittleEndian$GT$$GT$$GT$$C$gimli..read..dwarf..Unit$LT$gimli..read..endian_slice..EndianSlice$LT$gimli..endianity..LittleEndian$GT$$C$usize$GT$$RP$$GT$$GT$$C$gimli..read..Error$GT$$GT$$GT$17hc3bbfbbfdea5bc10E
0x100018058	0x00000058	[ 20] __ZN4core3ptr44drop_in_place$LT$object..read..ObjectMap$GT$17h416d03f2ea1399b0E
0x1000180B0	0x00000084	[ 20] __ZN4core3ptr55drop_in_place$LT$gimli..read..abbrev..Abbreviations$GT$17hc1062c2151e54107E
0x100018134	0x0000016C	[ 20] __ZN4core3ptr65drop_in_place$LT$std..backtrace_rs..symbolize..gimli..Mapping$GT$17hc8dd9bcef2f4bef9E
0x1000182A0	0x000000B8	[ 20] __ZN4core3ptr70drop_in_place$LT$std..backtrace_rs..symbolize..gimli..stash..Stash$GT$17he919e22bd1573b8cE
0x100018358	0x0000015C	[ 20] __ZN4core3ptr71drop_in_place$LT$std..backtrace_rs..symbolize..gimli..macho..Object$GT$17ha3f208765044fe97E
0x1000184B4	0x00000084	[ 20] __ZN4core3ptr84drop_in_place$LT$alloc..sync..ArcInner$LT$gimli..read..abbrev..Abbreviations$GT$$GT$17h9a295cdaef7f27ccE
0x100018538	0x000000E4	[ 20] __ZN4core3ptr86drop_in_place$LT$core..result..Result$LT$addr2line..Lines$C$gimli..read..Error$GT$$GT$17h5b1459277321c4c8E.llvm.10174067148674924747
0x10001861C	0x000000C8	[ 20] __ZN4core6option19Option$LT$$RF$T$GT$6cloned17h7e971ea4df048f24E
0x1000186E4	0x00000014	[ 20] __ZN50_$LT$$BP$mut$u20$T$u20$as$u20$core..fmt..Debug$GT$3fmt17h152f1720f46ee768E
0x1000186F8	0x0000009C	[ 20] __ZN5alloc4sync16Arc$LT$T$C$A$GT$9drop_slow17h2460a6e341a4a956E
0x100018794	0x0000007C	[ 20] __ZN5alloc4sync16Arc$LT$T$C$A$GT$9drop_slow17h4e412f291f2ded5fE
0x100018810	0x000000C8	[ 20] __ZN5alloc4sync16Arc$LT$T$C$A$GT$9drop_slow17h765596738c3ff2aaE
0x1000188D8	0x00000044	[ 20] __ZN5alloc4sync16Arc$LT$T$C$A$GT$9drop_slow17h93d10fa081416886E
0x10001891C	0x00000090	[ 20] __ZN5alloc4sync16Arc$LT$T$C$A$GT$9drop_slow17ha8990e09702cb7ceE
0x1000189AC	0x00000098	[ 20] __ZN5alloc4sync16Arc$LT$T$C$A$GT$9drop_slow17hbec5523f801e6365E
0x100018A44	0x000001E0	[ 20] __ZN5gimli4read5dwarf14Dwarf$LT$R$GT$11attr_string17h05435288c2d77d8bE
0x100018C24	0x00000264	[ 20] __ZN5gimli4read5dwarf14Dwarf$LT$T$GT$4load17h9c0e15a2456352e1E
0x100018E88	0x00000300	[ 20] __ZN5gimli4read5dwarf14Dwarf$LT$T$GT$8load_sup17h1aac6731f4feaafbE
0x100019188	0x00000314	[ 20] __ZN5gimli4read5dwarf21DwarfPackage$LT$R$GT$4load17hdd5dc0bfcaa75f6eE
0x10001949C	0x00000960	[ 20] __ZN5gimli4read6abbrev18AbbreviationsCache3get17h2f53cf6ee8602f7cE
0x100019DFC	0x000003D0	[ 20] __ZN93_$LT$gimli..read..line..LineProgramHeader$LT$R$C$Offset$GT$$u20$as$u20$core..clone..Clone$GT$5clone17h32fe5aee6bf8349eE.llvm.10174067148674924747
0x10001A1CC	0x0000009C	[ 20] __ZN9addr2line4lazy17LazyCell$LT$T$GT$11borrow_with17h3f36f1e28673f8a3E
0x10001A268	0x00000B54	[ 20] __ZN9addr2line4lazy17LazyCell$LT$T$GT$11borrow_with17h442c0f998c6180cbE
0x10001ADBC	0x00000038	[ 20] __ZN68_$LT$std..thread..local..AccessError$u20$as$u20$core..fmt..Debug$GT$3fmt17h08bc36a121cd6127E
0x10001ADF4	0x00000214	[ 20] __ZN3std12backtrace_rs9symbolize5gimli5macho11find_header17h4adbfe0e11ab03c3E
0x10001B008	0x000005B8	[ 20] __ZN3std12backtrace_rs9symbolize5gimli5macho6Object5parse17h3167deed7bd94c43E
0x10001B5C0	0x00000190	[ 20] __ZN3std12backtrace_rs9symbolize5gimli5macho6Object7section17hea637baacf3689f9E
0x10001B750	0x000001E0	[ 20] __ZN3std12backtrace_rs9symbolize5gimli5macho6Object17search_object_map17h13881c6fdd02c677E
0x10001B930	0x00000030	[ 21] __ZN36_$LT$T$u20$as$u20$core..any..Any$GT$7type_id17h17f7539a000327e3E
0x10001B960	0x00000010	[ 21] __ZN4core3ops8function6FnOnce40call_once$u7b$$u7b$vtable.shim$u7d$$u7d$17h3880fbf839d18960E
0x10001B970	0x000000BC	[ 21] __ZN4core3ops8function6FnOnce40call_once$u7b$$u7b$vtable.shim$u7d$$u7d$17h7d52b87bfd3a3c1dE
0x10001BA2C	0x0000003C	[ 21] __ZN4core3ptr175drop_in_place$LT$std..sync..reentrant_lock..ReentrantLockGuard$LT$core..cell..RefCell$LT$std..io..buffered..linewriter..LineWriter$LT$std..io..stdio..StdoutRaw$GT$$GT$$GT$$GT$17hb69c951376aa333bE.llvm.4323394874761796245
0x10001BA68	0x00000040	[ 21] __ZN4core3ptr219drop_in_place$LT$std..sys..thread_local..fast_local..lazy..State$LT$core..cell..Cell$LT$core..option..Option$LT$alloc..sync..Arc$LT$std..sync..mutex..Mutex$LT$alloc..vec..Vec$LT$u8$GT$$GT$$GT$$GT$$GT$$C$$LP$$RP$$GT$$GT$17h540ef3efbd966daeE
0x10001BAA8	0x000000B4	[ 21] __ZN4core3ptr42drop_in_place$LT$std..io..error..Error$GT$17hcb45474da1d587ddE.llvm.4323394874761796245
0x10001BB5C	0x0000006C	[ 21] __ZN4core3ptr46drop_in_place$LT$std..io..stdio..StdinLock$GT$17h4faeb5cf81dad6a0E
0x10001BBC8	0x0000006C	[ 21] __ZN4core3ptr65drop_in_place$LT$std..sync..mutex..MutexGuard$LT$$LP$$RP$$GT$$GT$17hc52bf6cb49a1c472E.llvm.4323394874761796245
0x10001BC34	0x00000034	[ 21] __ZN4core3ptr77drop_in_place$LT$std..panicking..begin_panic_handler..FormatStringPayload$GT$17hdf4842a1c6929942E
0x10001BC68	0x0000001C	[ 21] __ZN4core3ptr81drop_in_place$LT$core..result..Result$LT$$LP$$RP$$C$std..io..error..Error$GT$$GT$17h7294201b8e180ab7E
0x10001BC84	0x0000003C	[ 21] __ZN4core3ptr82drop_in_place$LT$std..sys..thread_local..abort_on_dtor_unwind..DtorUnwindGuard$GT$17hcc79b643abea35c6E
0x10001BCC0	0x00000020	[ 21] __ZN4core3ptr89drop_in_place$LT$std..io..Write..write_fmt..Adapter$LT$std..io..stdio..StderrLock$GT$$GT$17hb38f6639f8ed150dE
0x10001BCE0	0x00000070	[ 21] __ZN4core3ptr95drop_in_place$LT$std..io..buffered..linewriter..LineWriter$LT$std..io..stdio..StdoutRaw$GT$$GT$17h3ea3b2b4e293c92fE.llvm.4323394874761796245
0x10001BD50	0x00000300	[ 21] __ZN6object4read5macho6symbol27SymbolTable$LT$Mach$C$R$GT$10object_map17hbc51c96005d0243fE
0x10001C050	0x000000D0	[ 21] __ZN60_$LT$std..io..stdio..StdoutRaw$u20$as$u20$std..io..Write$GT$9write_all17h53e47dfdff76cc48E
0x10001C120	0x0000015C	[ 21] __ZN3std2io5stdio7cleanup17h996dc8b619e91541E
0x10001C27C	0x00000104	[ 21] __ZN61_$LT$$RF$std..io..stdio..Stdout$u20$as$u20$std..io..Write$GT$9write_fmt17h3120e1e3aec9ed64E
0x10001C380	0x000000F4	[ 21] __ZN3std2io5stdio22try_set_output_capture17h802abee4a7fb90c4E
0x10001C474	0x00000218	[ 21] __ZN3std2io5stdio31print_to_buffer_if_capture_used17hd4dd69a7c7a5bc55E
0x10001C68C	0x000000F0	[ 21] __ZN3std2io5stdio6_print17h27e3b43a8b5f8b6aE
0x10001C77C	0x00000148	[ 21] __ZN3std10sys_common9backtrace5print17h99c92515f9244444E
0x10001C8C4	0x000001C0	[ 21] __ZN91_$LT$std..sys_common..backtrace.._print..DisplayBacktrace$u20$as$u20$core..fmt..Display$GT$3fmt17h4699abefd07a84a3E
0x10001CA84	0x00000030	[ 21] __ZN3std10sys_common9backtrace10_print_fmt28_$u7b$$u7b$closure$u7d$$u7d$17h3ec2e350b642f79dE
0x10001CAB4	0x00000130	[ 21] __ZN3std10sys_common9backtrace10_print_fmt28_$u7b$$u7b$closure$u7d$$u7d$17ha78ccd4804724ea2E
0x10001CBE4	0x0000000C	[ 21] __ZN3std10sys_common9backtrace26__rust_end_short_backtrace17ha6c62cb1233a6655E
0x10001CBF0	0x000000F4	[ 21] __ZN3std10sys_common9backtrace15output_filename17h97bc60b1a78a2001E
0x10001CCE4	0x00000018	[ 21] __ZN99_$LT$std..panicking..begin_panic_handler..StaticStrPayload$u20$as$u20$core..panic..PanicPayload$GT$3get17h9547eb11aba35b11E
0x10001CCFC	0x000000C8	[ 21] __ZN3std9panicking19begin_panic_handler28_$u7b$$u7b$closure$u7d$$u7d$17h22187a0d322c75e4E
0x10001CDC4	0x000004E4	[ 21] __ZN3std12backtrace_rs5print17BacktraceFrameFmt21print_raw_with_column17h991d85bcf992d4aaE
0x10001D2A8	0x000001A8	[ 21] __ZN3std3sys3pal4unix2os6getcwd17h502902d3f25e1012E
0x10001D450	0x00000190	[ 21] __ZN3std3sys3pal4unix2os6getenv28_$u7b$$u7b$closure$u7d$$u7d$17h493ad81b116cca32E.llvm.4323394874761796245
0x10001D5E0	0x00000060	[ 21] __ZN3std3sys12thread_local10fast_local4lazy7destroy17h5b5dc5edf07e3c87E
0x10001D640	0x00000164	[ 22] __ZN5gimli4read4addr18DebugAddr$LT$R$GT$11get_address17hbfd280b2b5d9b5beE
0x10001D7A4	0x00000274	[ 22] __ZN5gimli4read4line13parse_file_v517h7f9fafb67e4a41d6E
0x10001DA18	0x00000314	[ 22] __ZN5gimli4read4line15FileEntryFormat5parse17ha82179d325c27d5eE
0x10001DD2C	0x00000818	[ 22] __ZN5gimli4read4line15parse_attribute17ha0555b490fdf2a22E
0x10001E544	0x00000BE0	[ 22] __ZN5gimli4read4line18DebugLine$LT$R$GT$7program17h18b3635c8eb5022dE
0x10001F124	0x000000E4	[ 22] __ZN5gimli4read4line18parse_directory_v517hc7656fdb31379b4dE
0x10001F208	0x00000148	[ 22] __ZN5gimli4read4line27FileEntry$LT$R$C$Offset$GT$5parse17hffd51d59850cbc42E
0x10001F350	0x00000D98	[ 22] __ZN5gimli4read4line36LineRows$LT$R$C$Program$C$Offset$GT$8next_row17h6e27541ccd7a0c7cE
0x1000200E8	0x000006E0	[ 22] __ZN5gimli4read5index18UnitIndex$LT$R$GT$5parse17h092d7b27aeb90d3eE
0x1000207C8	0x00000168	[ 22] __ZN5gimli4read6reader6Reader12read_address17h2cf58512d6ae1f59E
0x100020930	0x0000021C	[ 22] __ZN5gimli4read6reader6Reader12read_sleb12817hff367156184e8393E
0x100020B4C	0x00000094	[ 22] __ZN5gimli4read6reader6Reader12read_uleb12817h499417f7717e0ce6E
0x100020BE0	0x000000EC	[ 22] __ZN5gimli4read6reader6Reader17read_sized_offset17hd29343d704d977e4E
0x100020CCC	0x000000BC	[ 22] __ZN5gimli4read6reader6Reader9read_word17h1dfa977a624e139cE
0x100020D88	0x00000054	[ 22] __ZN5gimli4read7aranges21DebugAranges$LT$R$GT$6header17hc262aa6ddc907cbfE
0x100020DDC	0x00000464	[ 22] __ZN5gimli4read7aranges24ArangeEntryIter$LT$R$GT$4next17h46bd6f9645de7505E
0x100021240	0x00000294	[ 22] __ZN5gimli4read7aranges30ArangeHeader$LT$R$C$Offset$GT$5parse17h31f3ad47646107bcE.llvm.6407461739520204723
0x1000214D4	0x00000030	[ 23] __ZN42_$LT$$RF$T$u20$as$u20$core..fmt..Debug$GT$3fmt17h478d5ce841022a45E
0x100021504	0x0000001C	[ 23] __ZN42_$LT$$RF$T$u20$as$u20$core..fmt..Debug$GT$3fmt17h598c10e0a4d3c28cE
0x100021520	0x0000001C	[ 23] __ZN44_$LT$$RF$T$u20$as$u20$core..fmt..Display$GT$3fmt17h77b36b5ff864cc33E
0x10002153C	0x0000002C	[ 23] __ZN4core3fmt3num50_$LT$impl$u20$core..fmt..Debug$u20$for$u20$i32$GT$3fmt17h33445fd67e2fcab1E
0x100021568	0x00000018	[ 23] __ZN4core3ops8function6FnOnce40call_once$u7b$$u7b$vtable.shim$u7d$$u7d$17h790af6084b23fbedE.llvm.9695971818248183748
0x100021580	0x00000020	[ 23] __ZN4core3ops8function6FnOnce40call_once$u7b$$u7b$vtable.shim$u7d$$u7d$17ha618836ab669584bE.llvm.9695971818248183748
0x1000215A0	0x00000028	[ 23] __ZN4core3ptr47drop_in_place$LT$std..ffi..os_str..OsString$GT$17h2815bf8efa84d7ddE.llvm.9695971818248183748
0x1000215C8	0x000000B4	[ 23] __ZN4core3ptr42drop_in_place$LT$std..io..error..Error$GT$17hcb45474da1d587ddE.llvm.9695971818248183748
0x10002167C	0x0000001C	[ 23] __ZN4core3ptr81drop_in_place$LT$core..result..Result$LT$$LP$$RP$$C$std..io..error..Error$GT$$GT$17h7294201b8e180ab7E.llvm.9695971818248183748
0x100021698	0x00000060	[ 23] __ZN4core3ptr87drop_in_place$LT$alloc..sync..ArcInner$LT$std..sys..pal..unix..fs..InnerReadDir$GT$$GT$17h89681651b3185c0eE.llvm.9695971818248183748
0x1000216F8	0x0000001C	[ 23] __ZN58_$LT$alloc..string..String$u20$as$u20$core..fmt..Debug$GT$3fmt17h5374d14c89109bf6E
0x100021714	0x0000001C	[ 23] __ZN60_$LT$alloc..string..String$u20$as$u20$core..fmt..Display$GT$3fmt17h4a13ef1ec8aeebd6E
0x100021730	0x00000010	[ 23] __ZN58_$LT$std..io..error..Error$u20$as$u20$core..fmt..Debug$GT$3fmt17h769b6b252725e61fE
0x100021740	0x000003F4	[ 23] __ZN3std2io5error83_$LT$impl$u20$core..fmt..Debug$u20$for$u20$std..io..error..repr_bitpacked..Repr$GT$3fmt17hdbf48595912392fcE
0x100021B34	0x00000208	[ 23] __ZN60_$LT$std..io..error..Error$u20$as$u20$core..fmt..Display$GT$3fmt17ha0956a475d15552eE
0x100021D3C	0x00000168	[ 23] __ZN3std5panic19get_backtrace_style17h1baf2a87e7af77c5E
0x100021EA4	0x00000080	[ 23] __ZN3std9panicking11panic_count8increase17h4079bf50a0469485E
0x100021F24	0x00000024	[ 23] __ZN3std9panicking11panic_count19finished_panic_hook17h2bc32ef6d997ccebE
0x100021F48	0x00000050	[ 23] __ZN3std9panicking11panic_count8decrease17h1c86d679c9c85a33E
0x100021F98	0x00000024	[ 23] __ZN3std9panicking11panic_count9get_count17h8115607a91413d53E
0x100021FBC	0x00000038	[ 23] __ZN62_$LT$std..io..error..ErrorKind$u20$as$u20$core..fmt..Debug$GT$3fmt17hd102017302229b3bE
0x100021FF4	0x00000138	[ 23] __ZN91_$LT$std..sys..pal..unix..fs..ReadDir$u20$as$u20$core..iter..traits..iterator..Iterator$GT$4next17h15ad8a47c97db600E
0x10002212C	0x000000C4	[ 23] __ZN70_$LT$std..sys..pal..unix..fs..Dir$u20$as$u20$core..ops..drop..Drop$GT$4drop17h0b32a81e120ba5eeE
0x1000221F0	0x00000018	[ 23] __ZN3std3sys3pal4unix2fs4File4open28_$u7b$$u7b$closure$u7d$$u7d$17ha07a268c3e870ce6E.llvm.9695971818248183748
0x100022208	0x0000017C	[ 23] __ZN3std3sys3pal4unix2fs4File6open_c17h271224993e0c697bE
0x100022384	0x000001A8	[ 23] __ZN3std3sys3pal4unix2fs7readdir17h46944d1846b7c5f3E
0x10002252C	0x00000020	[ 23] __ZN3std3sys3pal4unix2fs7readdir28_$u7b$$u7b$closure$u7d$$u7d$17h5f57ddc78292d60bE.llvm.9695971818248183748
0x10002254C	0x000001B4	[ 23] __ZN3std3sys3pal4unix4init17h2fd50cec22559979E
0x100022700	0x00000030	[ 23] __ZN3std3sys3pal4unix17decode_error_kind17hf5b9577fd4189334E
0x100022730	0x0000000C	[ 23] __ZN3std3sys3pal4unix14abort_internal17ha18c736624f03afeE
0x10002273C	0x00000014	[ 24] __ZN44_$LT$$RF$T$u20$as$u20$core..fmt..Display$GT$3fmt17h80e2b78f6cbd48a0E
0x100022750	0x000000F0	[ 24] __ZN4core3ptr119drop_in_place$LT$addr2line..lazy..LazyCell$LT$core..result..Result$LT$addr2line..Lines$C$gimli..read..Error$GT$$GT$$GT$17h9951bd3aa6e758c6E
0x100022840	0x00000104	[ 24] __ZN4core3ptr123drop_in_place$LT$addr2line..ResUnit$LT$gimli..read..endian_slice..EndianSlice$LT$gimli..endianity..LittleEndian$GT$$GT$$GT$17hfa4b599b89ec45e8E
0x100022944	0x000000D4	[ 24] __ZN4core3ptr123drop_in_place$LT$addr2line..SupUnit$LT$gimli..read..endian_slice..EndianSlice$LT$gimli..endianity..LittleEndian$GT$$GT$$GT$17h6bb4b93d08214928E
0x100022A18	0x000000D4	[ 24] __ZN4core3ptr137drop_in_place$LT$gimli..read..dwarf..Unit$LT$gimli..read..endian_slice..EndianSlice$LT$gimli..endianity..LittleEndian$GT$$C$usize$GT$$GT$17hef56744f40f533deE
0x100022AEC	0x000000C4	[ 24] __ZN4core3ptr146drop_in_place$LT$alloc..vec..Vec$LT$addr2line..ResUnit$LT$gimli..read..endian_slice..EndianSlice$LT$gimli..endianity..LittleEndian$GT$$GT$$GT$$GT$17h5e60c0748c23b5edE
0x100022BB0	0x00000078	[ 24] __ZN4core3ptr146drop_in_place$LT$alloc..vec..Vec$LT$addr2line..SupUnit$LT$gimli..read..endian_slice..EndianSlice$LT$gimli..endianity..LittleEndian$GT$$GT$$GT$$GT$17h8d26dffb8f42d7ffE
0x100022C28	0x00000088	[ 24] __ZN4core3ptr153drop_in_place$LT$gimli..read..line..IncompleteLineProgram$LT$gimli..read..endian_slice..EndianSlice$LT$gimli..endianity..LittleEndian$GT$$C$usize$GT$$GT$17h948383d6a33138e7E
0x100022CB0	0x000000E4	[ 24] __ZN4core3ptr217drop_in_place$LT$addr2line..lazy..LazyCell$LT$core..result..Result$LT$addr2line..function..Functions$LT$gimli..read..endian_slice..EndianSlice$LT$gimli..endianity..LittleEndian$GT$$GT$$C$gimli..read..Error$GT$$GT$$GT$17h5bb8e8e619106479E
0x100022D94	0x00000150	[ 24] __ZN4core3ptr416drop_in_place$LT$addr2line..lazy..LazyCell$LT$core..result..Result$LT$core..option..Option$LT$alloc..boxed..Box$LT$$LP$alloc..sync..Arc$LT$gimli..read..dwarf..Dwarf$LT$gimli..read..endian_slice..EndianSlice$LT$gimli..endianity..LittleEndian$GT$$GT$$GT$$C$gimli..read..dwarf..Unit$LT$gimli..read..endian_slice..EndianSlice$LT$gimli..endianity..LittleEndian$GT$$C$usize$GT$$RP$$GT$$GT$$C$gimli..read..Error$GT$$GT$$GT$17hc3bbfbbfdea5bc10E
0x100022EE4	0x00000080	[ 24] __ZN4core3ptr65drop_in_place$LT$alloc..vec..Vec$LT$alloc..string..String$GT$$GT$17h96aa15da6c0c64aaE
0x100022F64	0x00000084	[ 24] __ZN4core3ptr67drop_in_place$LT$alloc..vec..Vec$LT$addr2line..LineSequence$GT$$GT$17h725e148ccf773529E
0x100022FE8	0x00000070	[ 24] __ZN4core3ptr77drop_in_place$LT$alloc..boxed..Box$LT$$u5b$alloc..string..String$u5d$$GT$$GT$17hc6a480ecb3bf7cd8E
0x100023058	0x00000098	[ 24] __ZN4core3ptr88drop_in_place$LT$alloc..vec..Vec$LT$std..backtrace_rs..symbolize..gimli..Library$GT$$GT$17h3834c4db5188c112E
0x1000230F0	0x00000898	[ 24] __ZN5gimli4read5dwarf13Unit$LT$R$GT$3new17h4cd2954d87a4f73dE
0x100023988	0x00000380	[ 24] __ZN9addr2line11render_file17h60cf588878fcaa7fE
0x100023D08	0x00000224	[ 24] __ZN9addr2line16Context$LT$R$GT$11find_frames17h11efb7b4613f4b08E
0x100023F2C	0x00000E64	[ 24] __ZN9addr2line16Context$LT$R$GT$11parse_units17h977fa2affb632d5aE
0x100024D90	0x00000120	[ 24] __ZN9addr2line16Context$LT$R$GT$9find_unit17h291f5d118683e42dE
0x100024EB0	0x000001D0	[ 24] __ZN9addr2line16Context$LT$R$GT$9parse_sup17h630463b5a6c94bbbE
0x100025080	0x0000026C	[ 24] __ZN9addr2line16ResUnit$LT$R$GT$18dwarf_and_unit_dwo17h7ae24c115ac58a2eE
0x1000252EC	0x00000464	[ 24] __ZN9addr2line16ResUnit$LT$R$GT$25find_function_or_location28_$u7b$$u7b$closure$u7d$$u7d$17h96ad7bef001c0e26E.llvm.14241012121447116981
0x100025750	0x000002D8	[ 24] __ZN9addr2line18FrameIter$LT$R$GT$4next17he3571550dc2d7409E
0x100025A28	0x000001C8	[ 24] __ZN9addr2line24RangeAttributes$LT$R$GT$14for_each_range17h388198a899c6fef5E
0x100025BF0	0x000001E4	[ 24] __ZN9addr2line24RangeAttributes$LT$R$GT$14for_each_range17ha364a239ea8b63fcE
0x100025DD4	0x00000358	[ 24] __ZN9addr2line30LoopingLookup$LT$T$C$L$C$F$GT$10new_lookup17h7ef11d6cddc4a5bbE.llvm.14241012121447116981
0x10002612C	0x00000684	[ 24] __ZN9addr2line5Lines5parse17h684379ee23cfe3a2E
0x1000267B0	0x0000003C	[ 24] __ZN3std12backtrace_rs9backtrace9libunwind5trace8trace_fn17he03f846f879071e2E
0x1000267EC	0x00000768	[ 24] __ZN3std12backtrace_rs9symbolize5gimli10libs_macos16native_libraries17h6c753afbe64ba9fbE
0x100026F54	0x00000078	[ 25] __ZN4core3ptr54drop_in_place$LT$panic_unwind..real_imp..Exception$GT$17h12adb4db49f88837E
0x100026FCC	0x0000008C	[ 25] __ZN4core3ptr79drop_in_place$LT$alloc..boxed..Box$LT$panic_unwind..real_imp..Exception$GT$$GT$17h11d00d2129cbd4b8E
0x100027058	0x00000068	[ 25] ___rust_panic_cleanup
0x1000270C0	0x000000A8	[ 25] ___rust_start_panic
0x100027168	0x00000018	[ 25] __ZN12panic_unwind8real_imp5panic17exception_cleanup17h59355a65bf831a40E
0x100027180	0x0000012C	[ 26] __ZN6object4read7archive16parse_u64_digits17h54dc5c13bda3cd7cE
0x1000272AC	0x00000100	[ 26] __ZN6object4read7archive24parse_sysv_extended_name17hc4ca19187aa61149E
0x1000273AC	0x00000028	[ 27] __ZN68_$LT$$RF$$u5b$u8$u5d$$u20$as$u20$object..read..read_ref..ReadRef$GT$13read_bytes_at17hdcf2bcaf2d10b4feE
0x1000273D4	0x00000060	[ 27] __ZN68_$LT$$RF$$u5b$u8$u5d$$u20$as$u20$object..read..read_ref..ReadRef$GT$19read_bytes_at_until17h453fdf0d04218eceE
0x100027434	0x00000090	[ 28] __ZN6object4read9ObjectMap3get17h6da85f9ec5fa2e8eE
0x1000274C4	0x00000140	[ 30] __ZN6memchr6memchr8fallback6memchr17h419c09b31a36c90cE
0x100027604	0x0000014C	[ 30] __ZN6memchr6memchr8fallback7memchr217h5e6b11363d94c71dE
0x100027750	0x0000008C	[ 31] __ZN5alloc7raw_vec11finish_grow17hc7fc82c0a8a9eacdE
0x1000277DC	0x00000098	[ 31] __ZN5alloc7raw_vec19RawVec$LT$T$C$A$GT$8grow_one17he4387767ec5a134bE
0x100027874	0x00000148	[ 31] __ZN91_$LT$addr2line..LocationRangeUnitIter$u20$as$u20$core..iter..traits..iterator..Iterator$GT$4next17h7ed8af31a5d3c624E
0x1000279BC	0x000001E4	[ 31] __ZN9addr2line9path_push17hbd1df7a13d77f4f6E
0x100027BA0	0x000001C0	[ 32] __ZN5alloc11collections5btree4node208Handle$LT$alloc..collections..btree..node..NodeRef$LT$alloc..collections..btree..node..marker..Mut$C$K$C$V$C$alloc..collections..btree..node..marker..Leaf$GT$$C$alloc..collections..btree..node..marker..KV$GT$5split17h23f40be3205b8841E
0x100027D60	0x00000990	[ 32] __ZN5alloc11collections5btree4node210Handle$LT$alloc..collections..btree..node..NodeRef$LT$alloc..collections..btree..node..marker..Mut$C$K$C$V$C$alloc..collections..btree..node..marker..Leaf$GT$$C$alloc..collections..btree..node..marker..Edge$GT$16insert_recursing17hffdac92c1bbadc5fE
0x1000286F0	0x00000298	[ 32] __ZN5alloc11collections5btree4node212Handle$LT$alloc..collections..btree..node..NodeRef$LT$alloc..collections..btree..node..marker..Mut$C$K$C$V$C$alloc..collections..btree..node..marker..Internal$GT$$C$alloc..collections..btree..node..marker..KV$GT$5split17hdd19050a311f8b92E
0x100028988	0x000000A0	[ 33] __ZN5alloc7raw_vec11finish_grow17he4d30cced35b7c2eE
0x100028A28	0x000000A4	[ 33] __ZN5alloc7raw_vec19RawVec$LT$T$C$A$GT$8grow_one17hb073d3922bb8304dE
0x100028ACC	0x000000B8	[ 33] __ZN5alloc7raw_vec19RawVec$LT$T$C$A$GT$8grow_one17hcc9c989865a483b5E
0x100028B84	0x00000030	[ 34] __ZN42_$LT$$RF$T$u20$as$u20$core..fmt..Debug$GT$3fmt17h3c6b25d89971f64bE
0x100028BB4	0x00000300	[ 34] __ZN5gimli4read6abbrev13Abbreviations6insert17h45fcff459ff9268eE
0x100028EB4	0x00000090	[ 34] __ZN5gimli4read6abbrev12Abbreviation3new17h336e0eb05b77b1c0E
0x100028F44	0x00000144	[ 34] __ZN5gimli4read6abbrev10Attributes4push17ha1eaadddff462544E
0x100029088	0x00000044	[ 34] __ZN75_$LT$gimli..read..abbrev..Attributes$u20$as$u20$core..ops..deref..Deref$GT$5deref17hb10f05e19a16ae83E
0x1000290CC	0x0000040C	[ 35] __ZN104_$LT$core..iter..sources..from_fn..FromFn$LT$F$GT$$u20$as$u20$core..iter..traits..iterator..Iterator$GT$4next17hde46d9a8ab2f3c52E
0x1000294D8	0x000001EC	[ 35] __ZN4core3str4iter22SplitInternal$LT$P$GT$4next17h1926ca2816200b99E
0x1000296C4	0x0000020C	[ 35] __ZN4core4char7methods22_$LT$impl$u20$char$GT$16escape_debug_ext17h991fed609953b4d9E
0x1000298D0	0x00000020	[ 35] __ZN53_$LT$core..fmt..Error$u20$as$u20$core..fmt..Debug$GT$3fmt17hd99318960518385dE
0x1000298F0	0x00000024	[ 35] __ZN81_$LT$core..str..iter..Chars$u20$as$u20$core..iter..traits..iterator..Iterator$GT$5count17h4a3719a0770b90b0E
0x100029914	0x00000274	[ 35] __ZN14rustc_demangle2v08demangle17h1be1b82b26f97adfE
0x100029B88	0x00000508	[ 35] __ZN64_$LT$rustc_demangle..v0..Ident$u20$as$u20$core..fmt..Display$GT$3fmt17h74ea77351f1a9e5dE
0x10002A090	0x0000012C	[ 35] __ZN14rustc_demangle2v010HexNibbles14try_parse_uint17h053dc21b8b184724E
0x10002A1BC	0x00000098	[ 35] __ZN14rustc_demangle2v06Parser11hex_nibbles17h48a001dfaa160742E
0x10002A254	0x000000F4	[ 35] __ZN14rustc_demangle2v06Parser10integer_6217h87292ac27a28eb20E
0x10002A348	0x00000114	[ 35] __ZN14rustc_demangle2v06Parser13disambiguator17h31104319c7c32a0aE
0x10002A45C	0x00000068	[ 35] __ZN14rustc_demangle2v06Parser9namespace17hc2ffc2a68ab374feE
0x10002A4C4	0x00000244	[ 35] __ZN14rustc_demangle2v06Parser5ident17h179e5d3a49ffdbf9E
0x10002A708	0x00000060	[ 35] __ZN14rustc_demangle2v07Printer17skipping_printing17hc9c1ff4d3de6ca65E
0x10002A768	0x000001D8	[ 35] __ZN14rustc_demangle2v07Printer13print_backref17h407d4313d0f9e0ceE
0x10002A940	0x000001D0	[ 35] __ZN14rustc_demangle2v07Printer13print_backref17h8964a4f660d1ccb6E
0x10002AB10	0x000001D8	[ 35] __ZN14rustc_demangle2v07Printer13print_backref17heea0e649873cfcb9E
0x10002ACE8	0x00000140	[ 35] __ZN14rustc_demangle2v07Printer26print_quoted_escaped_chars17h31c266a9507bff94E
0x10002AE28	0x00000118	[ 35] __ZN14rustc_demangle2v07Printer25print_lifetime_from_index17ha0b8df922a372540E
0x10002AF40	0x00000288	[ 35] __ZN14rustc_demangle2v07Printer9in_binder17h6bc7f4a78fdcda1fE
0x10002B1C8	0x00000344	[ 35] __ZN14rustc_demangle2v07Printer9in_binder17h83fe6624ebdd23f6E
0x10002B50C	0x000002A4	[ 35] __ZN14rustc_demangle2v07Printer14print_sep_list17h0d80585d500000e9E
0x10002B7B0	0x000000A4	[ 35] __ZN14rustc_demangle2v07Printer14print_sep_list17h1f85e80568dae009E
0x10002B854	0x000000B0	[ 35] __ZN14rustc_demangle2v07Printer14print_sep_list17h9d1c1d0a6db79eabE
0x10002B904	0x000000A0	[ 35] __ZN14rustc_demangle2v07Printer14print_sep_list17h9ee4bf0fe0663200E
0x10002B9A4	0x000000AC	[ 35] __ZN14rustc_demangle2v07Printer14print_sep_list17hff2d4ef72979b54fE
0x10002BA50	0x00000690	[ 35] __ZN14rustc_demangle2v07Printer10print_path17h144142a486b3b5d3E.llvm.620457617123455217
0x10002C0E0	0x00000170	[ 35] __ZN14rustc_demangle2v07Printer17print_generic_arg17hc2b9505bc24b11f6E
0x10002C250	0x000004D4	[ 35] __ZN14rustc_demangle2v07Printer10print_type17h617d43f08fa43d61E
0x10002C724	0x000003C0	[ 35] __ZN14rustc_demangle2v07Printer10print_type28_$u7b$$u7b$closure$u7d$$u7d$17h11355cf96505acabE
0x10002CAE4	0x000002B4	[ 35] __ZN14rustc_demangle2v07Printer30print_path_maybe_open_generics17h010e0e73d01d6345E
0x10002CD98	0x00000270	[ 35] __ZN14rustc_demangle2v07Printer15print_dyn_trait17hbaf147b4a359aab4E
0x10002D008	0x0000061C	[ 35] __ZN14rustc_demangle2v07Printer11print_const17h1c3e02d5dab1fc87E
0x10002D624	0x000001DC	[ 35] __ZN14rustc_demangle2v07Printer16print_const_uint17h399960a52bd1b391E
0x10002D800	0x000002E0	[ 35] __ZN14rustc_demangle2v07Printer23print_const_str_literal17hd977afb2618f7822E
0x10002DAE0	0x0000004C	[ 36] __ZN68_$LT$core..num..error..ParseIntError$u20$as$u20$core..fmt..Debug$GT$3fmt17ha50cf2723670e20fE
0x10002DB2C	0x00000338	[ 36] __ZN14rustc_demangle6legacy8demangle17hf8ae837bc3c3dce2E
0x10002DE64	0x00000A44	[ 36] __ZN71_$LT$rustc_demangle..legacy..Demangle$u20$as$u20$core..fmt..Display$GT$3fmt17hb710c9968d8b476aE
0x10002E8A8	0x0000004C	[ 37] __ZN44_$LT$$RF$T$u20$as$u20$core..fmt..Display$GT$3fmt17h6d501f2561b3832bE
0x10002E8F4	0x000000F0	[ 37] __ZN4core3fmt5Write10write_char17hceb403610c715c0cE
0x10002E9E4	0x0000001C	[ 37] __ZN4core3fmt5Write9write_fmt17hf4d666e928d675bbE
0x10002EA00	0x00000674	[ 37] __ZN14rustc_demangle8demangle17hdd765b6a8893a185E
0x10002F074	0x00000050	[ 37] __ZN14rustc_demangle12try_demangle17haf7209de69a80f1aE
0x10002F0C4	0x0000003C	[ 37] __ZN83_$LT$rustc_demangle..SizeLimitedFmtAdapter$LT$F$GT$$u20$as$u20$core..fmt..Write$GT$9write_str17hac5dbad486ff1d78E
0x10002F100	0x00000174	[ 37] __ZN63_$LT$rustc_demangle..Demangle$u20$as$u20$core..fmt..Display$GT$3fmt17h4259d0de91dbcb2aE
0x10002F274	0x00000020	[ 37] __ZN71_$LT$rustc_demangle..SizeLimitExhausted$u20$as$u20$core..fmt..Debug$GT$3fmt17hf2d0005dd07b8c34E
0x10002F294	0x0000001C	[ 38] __ZN42_$LT$$RF$T$u20$as$u20$core..fmt..Debug$GT$3fmt17h5edb65636c07dd53E
0x10002F2B0	0x00000030	[ 38] __ZN42_$LT$$RF$T$u20$as$u20$core..fmt..Debug$GT$3fmt17h921deda5909abd3dE
0x10002F2E0	0x0000003C	[ 38] __ZN42_$LT$$RF$T$u20$as$u20$core..fmt..Debug$GT$3fmt17hf5e0a1f0188eb1f1E
0x10002F31C	0x00000020	[ 38] __ZN45_$LT$$LP$$RP$$u20$as$u20$core..fmt..Debug$GT$3fmt17h71d01846107c624dE.llvm.2853846154193692878
0x10002F33C	0x000003DC	[ 38] __ZN4core3str21_$LT$impl$u20$str$GT$18trim_start_matches17h17186d049722d5d6E
0x10002F718	0x00000070	[ 38] __ZN50_$LT$$RF$mut$u20$T$u20$as$u20$core..fmt..Debug$GT$3fmt17h4d64e24d6c1fc1d4E
0x10002F788	0x00000228	[ 39] __ZN5alloc6string6String15from_utf8_lossy17h617ad0b66b06ecf1E
0x10002F9B0	0x000000B0	[ 39] __ZN98_$LT$alloc..string..String$u20$as$u20$core..convert..From$LT$alloc..borrow..Cow$LT$str$GT$$GT$$GT$4from17h58491b230a986bccE
0x10002FA60	0x00000038	[ 40] __ZN5alloc7raw_vec17capacity_overflow17h5469ee6e8dfe9ae6E.llvm.10721734876570685141
0x10002FA98	0x00000098	[ 40] __ZN5alloc7raw_vec19RawVec$LT$T$C$A$GT$8grow_one17h46c9b945e6120d90E
0x10002FB30	0x000000A0	[ 40] __ZN5alloc7raw_vec11finish_grow17he92bb766fcdd9fdfE.llvm.10721734876570685141
0x10002FBD0	0x00000020	[ 41] __ZN69_$LT$core..alloc..layout..LayoutError$u20$as$u20$core..fmt..Debug$GT$3fmt17h7c03ada700d54281E
0x10002FBF0	0x0000000C	[ 41] __ZN93_$LT$alloc..collections..btree..mem..replace..PanicGuard$u20$as$u20$core..ops..drop..Drop$GT$4drop17hfd7b3bd79d45b674E
0x10002FBFC	0x00000084	[ 41] __ZN5alloc4sync32arcinner_layout_for_value_layout17h67e7ad099dbd9554E
0x10002FC80	0x00000248	[ 42] __ZN81_$LT$$RF$$u5b$u8$u5d$$u20$as$u20$alloc..ffi..c_str..CString..new..SpecNewImpl$GT$13spec_new_impl17h1748498f5e526c18E
0x10002FEC8	0x0000009C	[ 43] __ZN4core3fmt3num52_$LT$impl$u20$core..fmt..LowerHex$u20$for$u20$u8$GT$3fmt17h20c97b17663c2391E
0x10002FF64	0x0000009C	[ 43] __ZN4core3fmt3num52_$LT$impl$u20$core..fmt..UpperHex$u20$for$u20$u8$GT$3fmt17h2665d0cb2681feafE
0x100030000	0x0000009C	[ 43] __ZN4core3fmt3num53_$LT$impl$u20$core..fmt..LowerHex$u20$for$u20$u32$GT$3fmt17h876f09fee765fd1bE
0x10003009C	0x0000009C	[ 43] __ZN4core3fmt3num53_$LT$impl$u20$core..fmt..UpperHex$u20$for$u20$u32$GT$3fmt17ha49f7ef713ee0bf8E
0x100030138	0x0000009C	[ 43] __ZN4core3fmt3num55_$LT$impl$u20$core..fmt..LowerHex$u20$for$u20$usize$GT$3fmt17h39d68c8c05ccda52E
0x1000301D4	0x0000009C	[ 43] __ZN4core3fmt3num55_$LT$impl$u20$core..fmt..UpperHex$u20$for$u20$usize$GT$3fmt17he54be46cc44b5884E
0x100030270	0x00000284	[ 44] __ZN4core4char7methods22_$LT$impl$u20$char$GT$16escape_debug_ext17h991fed609953b4d9E
0x1000304F4	0x00000018	[ 44] __ZN59_$LT$core..fmt..Arguments$u20$as$u20$core..fmt..Display$GT$3fmt17hb8a61ae2b37a21c9E
0x10003050C	0x00000204	[ 44] __ZN4core3fmt5write17he20999f7a51cdf3eE
0x100030710	0x000003D8	[ 44] __ZN4core3fmt9Formatter12pad_integral17ha074925f262be2e9E
0x100030AE8	0x0000007C	[ 44] __ZN4core3fmt9Formatter12pad_integral12write_prefix17h2215315e4f25bc83E
0x100030B64	0x000003C0	[ 44] __ZN4core3fmt9Formatter3pad17hdf33e224bd113961E
0x100030F24	0x0000001C	[ 44] __ZN57_$LT$core..fmt..Formatter$u20$as$u20$core..fmt..Write$GT$9write_str17h906a2b4d10b55464E
0x100030F40	0x0000003C	[ 44] __ZN4core3fmt9Formatter12debug_struct17h82fd936b7bcae420E
0x100030F7C	0x000000D8	[ 44] __ZN4core3fmt9Formatter26debug_struct_field1_finish17hf42984ac9858ac79E
0x100031054	0x0000010C	[ 44] __ZN4core3fmt9Formatter26debug_struct_field2_finish17hb90d1388403a5d5eE
0x100031160	0x00000050	[ 44] __ZN4core3fmt9Formatter11debug_tuple17hf865baa7e6b6223cE
0x1000311B0	0x00000048	[ 44] __ZN4core3fmt9Formatter10debug_list17hb4f7daa5e31e74dbE
0x1000311F8	0x0000001C	[ 44] __ZN57_$LT$core..fmt..Formatter$u20$as$u20$core..fmt..Write$GT$10write_char17h61905db430e77988E
0x100031214	0x0000039C	[ 44] __ZN40_$LT$str$u20$as$u20$core..fmt..Debug$GT$3fmt17h508f4d0635753856E
0x1000315B0	0x00000020	[ 44] __ZN42_$LT$str$u20$as$u20$core..fmt..Display$GT$3fmt17h2f7ebd17be9207c6E
0x1000315D0	0x000000AC	[ 44] __ZN41_$LT$char$u20$as$u20$core..fmt..Debug$GT$3fmt17h30ebe05cb8d186c9E
0x10003167C	0x000000F0	[ 44] __ZN43_$LT$char$u20$as$u20$core..fmt..Display$GT$3fmt17h2310c3d590567603E
0x10003176C	0x000000E0	[ 44] __ZN4core3fmt17pointer_fmt_inner17h028619af37f17ee6E
0x10003184C	0x0000001C	[ 44] __ZN42_$LT$$RF$T$u20$as$u20$core..fmt..Debug$GT$3fmt17hf3f739bd1915df1cE
0x100031868	0x0000001C	[ 44] __ZN44_$LT$$RF$T$u20$as$u20$core..fmt..Display$GT$3fmt17ha30307d7f1e9713bE
0x100031884	0x00000044	[ 45] __ZN4core3num23from_str_radix_panic_rt17he368c63ffb84f489E
0x1000318C8	0x000000F8	[ 45] __ZN4core3num62_$LT$impl$u20$core..str..traits..FromStr$u20$for$u20$usize$GT$8from_str17hd035463178b1105fE
0x1000319C0	0x00000278	[ 45] __ZN4core3num21_$LT$impl$u20$u32$GT$14from_str_radix17h21255cd845e0895fE
0x100031C38	0x0000024C	[ 46] __ZN4core3str8converts9from_utf817hbdc525d560abc329E
0x100031E84	0x00000040	[ 48] __ZN4core7unicode12unicode_data2cc6lookup17h502db3ed5e3d7c7dE
0x100031EC4	0x00000128	[ 49] __ZN4core7unicode12unicode_data15grapheme_extend11lookup_slow17h0509118c8c7776acE
0x100031FEC	0x00000458	[ 50] __ZN71_$LT$core..ops..range..Range$LT$Idx$GT$$u20$as$u20$core..fmt..Debug$GT$3fmt17hfea0d4efefe40889E
0x100032444	0x00000030	[ 50] __ZN36_$LT$T$u20$as$u20$core..any..Any$GT$7type_id17h511177e9509118c2E
0x100032474	0x00000198	[ 50] __ZN73_$LT$core..panic..panic_info..PanicInfo$u20$as$u20$core..fmt..Display$GT$3fmt17he7792dac36c2c74bE
0x10003260C	0x000001F0	[ 51] __ZN87_$LT$core..str..lossy..Utf8Chunks$u20$as$u20$core..iter..traits..iterator..Iterator$GT$4next17h800612c3b02a1885E
0x1000327FC	0x00000570	[ 52] __ZN4core3str5count14do_count_chars17hcdb1e69ea1a10f35E
0x100032D6C	0x000002B0	[ 52] __ZN4core3str5count23char_count_general_case17h7b861904dcef3e73E
0x10003301C	0x000000AC	[ 52] __ZN4core3fmt3num3imp51_$LT$impl$u20$core..fmt..Display$u20$for$u20$u8$GT$3fmt17hc37652f4992e3359E
0x1000330C8	0x0000014C	[ 52] __ZN4core3fmt3num3imp52_$LT$impl$u20$core..fmt..Display$u20$for$u20$i32$GT$3fmt17h810eb312f616c580E
0x100033214	0x0000013C	[ 52] __ZN4core3fmt3num3imp52_$LT$impl$u20$core..fmt..Display$u20$for$u20$u32$GT$3fmt17ha769ee43e09ff571E
0x100033350	0x0000013C	[ 52] __ZN4core3fmt3num3imp54_$LT$impl$u20$core..fmt..Display$u20$for$u20$usize$GT$3fmt17hf6ee34a457f467f9E
0x10003348C	0x00000024	[ 53] __ZN63_$LT$core..cell..BorrowMutError$u20$as$u20$core..fmt..Debug$GT$3fmt17heeb9807491dbfa28E
0x1000334B0	0x00000064	[ 53] __ZN70_$LT$core..panic..location..Location$u20$as$u20$core..fmt..Display$GT$3fmt17hc5d7b08d4924f558E
0x100033514	0x00000224	[ 54] __ZN68_$LT$core..fmt..builders..PadAdapter$u20$as$u20$core..fmt..Write$GT$9write_str17h3d706187c1d6a50fE
0x100033738	0x00000080	[ 54] __ZN68_$LT$core..fmt..builders..PadAdapter$u20$as$u20$core..fmt..Write$GT$10write_char17h05745a5b683171faE
0x1000337B8	0x000001C4	[ 54] __ZN4core3fmt8builders11DebugStruct5field17h9a7578410a4fa3efE
0x10003397C	0x0000008C	[ 54] __ZN4core3fmt8builders11DebugStruct6finish17hdf789b4a9b5af4d9E
0x100033A08	0x0000015C	[ 54] __ZN4core3fmt8builders10DebugTuple5field17h900d0706d026445cE
0x100033B64	0x000000C0	[ 54] __ZN4core3fmt8builders10DebugTuple6finish17hc907fc133467060fE
0x100033C24	0x0000015C	[ 54] __ZN4core3fmt8builders9DebugList5entry17h3d9b499bd2c2c60dE
0x100033D80	0x0000003C	[ 54] __ZN4core3fmt8builders9DebugList6finish17h08c747fa6e03f409E
0x100033DBC	0x0000001C	[ 54] __ZN4core3fmt5Write9write_fmt17hbbdbdb04883bae5aE
0x100033DD8	0x000000F4	[ 55] __ZN4core5slice6memchr14memchr_aligned17h3b9329167ac732e0E
0x100033ECC	0x00000124	[ 55] __ZN4core5slice6memchr7memrchr17h49e81c132a3d4e2aE
0x100033FF0	0x00000904	[ 56] __ZN4core3str7pattern11StrSearcher3new17he2e4f6bb25d8c731E
0x1000348F4	0x00000394	[ 56] __ZN4core3str19slice_error_fail_rt17h837fc0b6f57a6b81E
0x100034C88	0x000002E8	[ 56] __ZN4core7unicode9printable12is_printable17h8288be494d18516aE
0x100034F70	0x000000F4	[ 58] __ZN4core3ffi5c_str4CStr19from_bytes_with_nul17h6505c5c022a0b7f4E
0x100035064	0x00000014	[ 59] _bar
0x100035078	0x00000164	[ 10] __ZN4core5slice4sort14break_patterns17h4d015efdee5ea2efE
0x1000351DC	0x000004B8	[ 10] __ZN4core5slice4sort22partial_insertion_sort17h0668115dda91a5b1E
0x100035694	0x000005B4	[ 10] __ZN4core5slice4sort22partial_insertion_sort17hefcb9a39ab1839b6E
0x100035C48	0x00000294	[ 10] __ZN4core5slice4sort8heapsort17hae7ad0b486224751E
0x100035EDC	0x00000210	[ 10] __ZN4core5slice4sort8heapsort17hae9d3e6335fa2b9bE
0x1000360EC	0x000000B4	[ 12] __ZN5alloc7raw_vec19RawVec$LT$T$C$A$GT$7reserve21do_reserve_and_handle17h04f09619878b9bbfE
0x1000361A0	0x000000B8	[ 12] __ZN5alloc7raw_vec19RawVec$LT$T$C$A$GT$7reserve21do_reserve_and_handle17h5144dc4f2a98e04eE
0x100036258	0x000000B8	[ 12] __ZN5alloc7raw_vec19RawVec$LT$T$C$A$GT$7reserve21do_reserve_and_handle17h5e09d34cc612bf6eE
0x100036310	0x00000098	[ 12] __ZN5alloc7raw_vec19RawVec$LT$T$C$A$GT$7reserve21do_reserve_and_handle17h6f774d9cf76e5574E
0x1000363A8	0x0000000C	[ 13] __ZN3std7process5abort17h185468a0752905c8E
0x1000363B4	0x000000DC	[ 13] __ZN3std3sys3pal6common14small_c_string24run_with_cstr_allocating17h91ddd1d95f7b99e0E
0x100036490	0x000000E0	[ 13] __ZN3std3sys3pal6common14small_c_string24run_with_cstr_allocating17hfc414c589e7f7e46E
0x100036570	0x0000004C	[ 16] __ZN3std10sys_common8lazy_box16LazyBox$LT$T$GT$10initialize17hc4fcbc5fedf0ea95E
0x1000365BC	0x00000094	[ 17] __ZN3std2io8buffered9bufwriter18BufWriter$LT$W$GT$14write_all_cold17ha8adde753978a3deE
0x100036650	0x0000005C	[ 18] __ZN3std4sync9once_lock17OnceLock$LT$T$GT$10initialize17h45f3b3e8a6104fdfE
0x1000366AC	0x00000058	[ 18] __ZN3std4sync9once_lock17OnceLock$LT$T$GT$10initialize17hf962eb5ec2884d28E
0x100036704	0x00000054	[ 18] __ZN3std9panicking3try7cleanup17ha83245d4d063024bE
0x100036758	0x00000074	[ 18] __ZN3std3sys4sync5mutex7pthread5Mutex4lock4fail17h74e6fc20c6968ecbE
0x1000367CC	0x000002B0	[ 18] __ZN3std3sys4sync4once5queue4Once4call17h56f61bab40ee3265E
0x100036A7C	0x00000258	[ 18] __ZN3std3sys4sync6rwlock5queue6RwLock14lock_contended17h69e70381e48cc8d4E
0x100036CD4	0x00000070	[ 18] __ZN3std3sys4sync6rwlock5queue6RwLock21read_unlock_contended17h81226dd993cd2bcfE
0x100036D44	0x000000D8	[ 19] __ZN4core4cell4once17OnceCell$LT$T$GT$8try_init17h57143ccc739e429dE
0x100036E1C	0x00000148	[ 19] __ZN4core4cell4once17OnceCell$LT$T$GT$8try_init17he4a1f284152072a6E.llvm.5901335036227522380
0x100036F64	0x00000038	[ 19] __ZN3std6thread8ThreadId3new9exhausted17he9721b61cd3a35e5E.llvm.5901335036227522380
0x100036F9C	0x00000030	[ 20] __ZN4core9panicking13assert_failed17hc63331f8f616b009E
0x100036FCC	0x000000A8	[ 21] __ZN3std3sys12thread_local10fast_local4lazy20Storage$LT$T$C$D$GT$10initialize17h2de7969a673c8e9eE
0x100037074	0x0000002C	[ 23] __ZN3std9panicking11panic_count17is_zero_slow_path17h6050a0b7513695d9E
0x1000370A0	0x00000098	[ 31] __ZN5alloc7raw_vec19RawVec$LT$T$C$A$GT$7reserve21do_reserve_and_handle17hfa69ef6a5aac5c9eE
0x100037138	0x00000040	[ 34] __ZN4core9panicking13assert_failed17h0189b7c38eecb35eE
0x100037178	0x00000098	[ 40] __ZN5alloc7raw_vec19RawVec$LT$T$C$A$GT$7reserve21do_reserve_and_handle17hcc2f8131fd2cc3afE
0x100037210	0x00000014	[ 40] __ZN5alloc7raw_vec12handle_error17hc1e5d710f98dd08bE
0x100037224	0x00000018	[ 41] __ZN5alloc5alloc18handle_alloc_error17h3c917a2f17a81bc3E
0x10003723C	0x0000000C	[ 45] __ZN4core3num20from_str_radix_panic17hffc41ad491f1da60E
0x100037248	0x0000001C	[ 47] __ZN4core6option13unwrap_failed17he5498fdf7319574bE
0x100037264	0x00000048	[ 47] __ZN4core6option13expect_failed17h9517158975a01fe8E
0x1000372AC	0x00000050	[ 47] __ZN4core5slice5index26slice_start_index_len_fail17hebb3d703420e511aE
0x1000372FC	0x00000050	[ 47] __ZN4core5slice5index24slice_end_index_len_fail17h2a7e713f0894bad3E
0x10003734C	0x00000050	[ 47] __ZN4core5slice5index22slice_index_order_fail17h87f483b085167d4aE
0x10003739C	0x0000002C	[ 51] __ZN4core9panicking9panic_fmt17h48dfedcd5cf205f7E
0x1000373C8	0x0000004C	[ 51] __ZN4core9panicking18panic_nounwind_fmt17h06255c4191c557a2E
0x100037414	0x00000034	[ 51] __ZN4core9panicking5panic17h231f56423bbc3dfcE
0x100037448	0x0000003C	[ 51] __ZN4core9panicking14panic_nounwind17h8b678ae0c6dd71feE
0x100037484	0x0000003C	[ 51] __ZN4core9panicking26panic_nounwind_nobacktrace17ha3cafa78b42ef4deE
0x1000374C0	0x00000050	[ 51] __ZN4core9panicking18panic_bounds_check17hc595c7c3b8f4f13aE
0x100037510	0x00000018	[ 51] __ZN4core9panicking19panic_cannot_unwind17hfd2d7808608ae024E
0x100037528	0x00000018	[ 51] __ZN4core9panicking16panic_in_cleanup17he7b41cb31f4907deE
0x100037540	0x00000118	[ 51] __ZN4core9panicking19assert_failed_inner17he36c8c9879247f3dE
0x100037658	0x00000044	[ 53] __ZN4core4cell22panic_already_borrowed17h1860db075f7db234E
[...]
0x100048D28	0x00000018	[ 18] l_anon.b2340d99ac633d6466ad79f0cc1037c3.132
0x100048D40	0x00000018	[ 18] l_anon.b2340d99ac633d6466ad79f0cc1037c3.134
0x100048D58	0x00000018	[ 18] l_anon.b2340d99ac633d6466ad79f0cc1037c3.135
0x100048D70	0x00000010	[ 18] l_anon.b2340d99ac633d6466ad79f0cc1037c3.137
0x100048D80	0x00000010	[ 18] _anon.b2340d99ac633d6466ad79f0cc1037c3.139.llvm.12803748338881072764
0x100048D90	0x00000018	[ 18] _anon.b2340d99ac633d6466ad79f0cc1037c3.141.llvm.12803748338881072764
0x100048DA8	0x00000018	[ 19] l_anon.fab64bad4a5b47369cea3de1e59c7ccc.1
0x100048DC0	0x00000018	[ 19] l_anon.fab64bad4a5b47369cea3de1e59c7ccc.2
0x100048DD8	0x00000018	[ 19] l_anon.fab64bad4a5b47369cea3de1e59c7ccc.3
0x100048DF0	0x00000010	[ 19] l_anon.fab64bad4a5b47369cea3de1e59c7ccc.5
0x100048E00	0x00000018	[ 19] l_anon.fab64bad4a5b47369cea3de1e59c7ccc.7
0x100048E18	0x00000020	[ 19] l_anon.fab64bad4a5b47369cea3de1e59c7ccc.8
0x100048E38	0x00000018	[ 19] _anon.fab64bad4a5b47369cea3de1e59c7ccc.10.llvm.5901335036227522380
0x100048E50	0x00000018	[ 19] l_anon.fab64bad4a5b47369cea3de1e59c7ccc.15
0x100048E68	0x00000018	[ 19] l_anon.fab64bad4a5b47369cea3de1e59c7ccc.18
0x100048E80	0x00000010	[ 19] l_anon.fab64bad4a5b47369cea3de1e59c7ccc.20
0x100048E90	0x00000018	[ 19] l_anon.fab64bad4a5b47369cea3de1e59c7ccc.23
0x100048EA8	0x00000010	[ 19] l_anon.fab64bad4a5b47369cea3de1e59c7ccc.25
0x100048EB8	0x00000010	[ 19] _anon.fab64bad4a5b47369cea3de1e59c7ccc.27.llvm.5901335036227522380
0x100048EC8	0x00000018	[ 19] _anon.fab64bad4a5b47369cea3de1e59c7ccc.28.llvm.5901335036227522380
0x100048EE0	0x00000018	[ 19] l_anon.fab64bad4a5b47369cea3de1e59c7ccc.37
0x100048EF8	0x00000010	[ 19] l_anon.fab64bad4a5b47369cea3de1e59c7ccc.39
0x100048F08	0x00000018	[ 19] l_anon.fab64bad4a5b47369cea3de1e59c7ccc.40
0x100048F20	0x00000010	[ 19] l_anon.fab64bad4a5b47369cea3de1e59c7ccc.42
0x100048F30	0x00000018	[ 19] l_anon.fab64bad4a5b47369cea3de1e59c7ccc.44
0x100048F48	0x00000018	[ 19] _anon.fab64bad4a5b47369cea3de1e59c7ccc.46.llvm.5901335036227522380
0x100048F60	0x00000018	[ 19] _anon.fab64bad4a5b47369cea3de1e59c7ccc.47.llvm.5901335036227522380
0x100048F78	0x00000030	[ 19] _anon.fab64bad4a5b47369cea3de1e59c7ccc.48.llvm.5901335036227522380
0x100048FA8	0x00000010	[ 19] _anon.fab64bad4a5b47369cea3de1e59c7ccc.50.llvm.5901335036227522380
0x100048FB8	0x00000018	[ 19] _anon.fab64bad4a5b47369cea3de1e59c7ccc.51.llvm.5901335036227522380
0x100048FD0	0x00000030	[ 19] _anon.fab64bad4a5b47369cea3de1e59c7ccc.53.llvm.5901335036227522380
0x100049000	0x00000010	[ 19] l_anon.fab64bad4a5b47369cea3de1e59c7ccc.55
0x100049010	0x00000030	[ 19] l_anon.fab64bad4a5b47369cea3de1e59c7ccc.62
0x100049040	0x00000028	[ 19] _anon.fab64bad4a5b47369cea3de1e59c7ccc.67.llvm.5901335036227522380
0x100049068	0x00000018	[ 19] l_anon.fab64bad4a5b47369cea3de1e59c7ccc.76
0x100049080	0x00000020	[ 20] l_anon.e1ce7b25a446ac73bb5c4fe76ea99a5e.5
0x1000490A0	0x00000018	[ 21] _anon.079c6c680f1bc1f6867791a117546e9b.4.llvm.4323394874761796245
0x1000490B8	0x00000018	[ 21] _anon.079c6c680f1bc1f6867791a117546e9b.9.llvm.4323394874761796245
0x1000490D0	0x00000020	[ 21] l_anon.079c6c680f1bc1f6867791a117546e9b.23
0x1000490F0	0x00000018	[ 21] l_anon.079c6c680f1bc1f6867791a117546e9b.24
0x100049108	0x00000010	[ 21] l_anon.079c6c680f1bc1f6867791a117546e9b.29
0x100049118	0x00000018	[ 21] l_anon.079c6c680f1bc1f6867791a117546e9b.31
0x100049130	0x00000030	[ 21] l_anon.079c6c680f1bc1f6867791a117546e9b.32
0x100049160	0x00000010	[ 21] l_anon.079c6c680f1bc1f6867791a117546e9b.48
0x100049170	0x00000028	[ 21] l_anon.079c6c680f1bc1f6867791a117546e9b.51
0x100049198	0x00000028	[ 21] l_anon.079c6c680f1bc1f6867791a117546e9b.52
0x1000491C0	0x00000020	[ 21] l_anon.079c6c680f1bc1f6867791a117546e9b.56
0x1000491E0	0x00000020	[ 21] l_anon.079c6c680f1bc1f6867791a117546e9b.57
0x100049200	0x00000028	[ 21] l_anon.079c6c680f1bc1f6867791a117546e9b.58
0x100049228	0x00000028	[ 21] l_anon.079c6c680f1bc1f6867791a117546e9b.59
0x100049250	0x00000020	[ 21] l_anon.079c6c680f1bc1f6867791a117546e9b.60
0x100049270	0x00000020	[ 21] l_anon.079c6c680f1bc1f6867791a117546e9b.62
0x100049290	0x00000010	[ 21] l_anon.079c6c680f1bc1f6867791a117546e9b.67
0x1000492A0	0x00000010	[ 21] _anon.079c6c680f1bc1f6867791a117546e9b.69.llvm.4323394874761796245
0x1000492B0	0x00000018	[ 21] _anon.079c6c680f1bc1f6867791a117546e9b.71.llvm.4323394874761796245
0x1000492C8	0x00000018	[ 22] l_anon.deb4ec2b481ce7da18622db815596490.1
0x1000492E0	0x00000018	[ 22] l_anon.deb4ec2b481ce7da18622db815596490.2
0x1000492F8	0x00000018	[ 22] l_anon.deb4ec2b481ce7da18622db815596490.3
0x100049310	0x00000018	[ 22] l_anon.deb4ec2b481ce7da18622db815596490.5
0x100049328	0x00000018	[ 22] l_anon.deb4ec2b481ce7da18622db815596490.6
0x100049340	0x00000020	[ 23] l_anon.e7fa1b67f4352cf4dc377a4f4a1eb866.92
0x100049360	0x00000020	[ 23] l_anon.e7fa1b67f4352cf4dc377a4f4a1eb866.94
0x100049380	0x00000020	[ 23] l_anon.e7fa1b67f4352cf4dc377a4f4a1eb866.96
0x1000493A0	0x00000020	[ 23] l_anon.e7fa1b67f4352cf4dc377a4f4a1eb866.99
0x1000493C0	0x00000020	[ 23] l_anon.e7fa1b67f4352cf4dc377a4f4a1eb866.102
0x1000493E0	0x00000030	[ 23] l_anon.e7fa1b67f4352cf4dc377a4f4a1eb866.105
0x100049410	0x00000018	[ 23] _anon.e7fa1b67f4352cf4dc377a4f4a1eb866.114.llvm.9695971818248183748
0x100049428	0x00000010	[ 23] _anon.e7fa1b67f4352cf4dc377a4f4a1eb866.168.llvm.9695971818248183748
0x100049438	0x00000018	[ 23] _anon.e7fa1b67f4352cf4dc377a4f4a1eb866.169.llvm.9695971818248183748
0x100049450	0x00000030	[ 23] _anon.e7fa1b67f4352cf4dc377a4f4a1eb866.178.llvm.9695971818248183748
0x100049480	0x00000030	[ 23] _anon.e7fa1b67f4352cf4dc377a4f4a1eb866.188.llvm.9695971818248183748
0x1000494B0	0x00000010	[ 23] _anon.e7fa1b67f4352cf4dc377a4f4a1eb866.211.llvm.9695971818248183748
0x1000494C0	0x00000018	[ 23] _anon.e7fa1b67f4352cf4dc377a4f4a1eb866.213.llvm.9695971818248183748
0x1000494D8	0x00000148	[ 23] l_switch.table._ZN60_$LT$std..io..error..Error$u20$as$u20$core..error..Error$GT$11description17hd6fbbdecdd40b188E.150
0x100049620	0x00000148	[ 23] l_switch.table._ZN62_$LT$std..io..error..ErrorKind$u20$as$u20$core..fmt..Debug$GT$3fmt17hd102017302229b3bE.151
0x100049768	0x00000018	[ 24] l_anon.41c843c2b8de643957c0c7e9969b07b7.4
0x100049780	0x00000018	[ 24] _anon.41c843c2b8de643957c0c7e9969b07b7.5.llvm.14241012121447116981
0x100049798	0x00000018	[ 24] l_anon.41c843c2b8de643957c0c7e9969b07b7.7
0x1000497B0	0x00000018	[ 24] l_anon.41c843c2b8de643957c0c7e9969b07b7.17
0x1000497C8	0x00000010	[ 26] l_anon.7c795c5596c8af1be2a15c9b693a2508.1
0x1000497D8	0x00000018	[ 26] l_anon.7c795c5596c8af1be2a15c9b693a2508.3
0x1000497F0	0x00000018	[ 26] l_anon.7c795c5596c8af1be2a15c9b693a2508.8
0x100049808	0x00000018	[ 32] l_anon.fa1f765a74fd2bc4ab0ea3624df5a473.1
0x100049820	0x00000018	[ 32] l_anon.fa1f765a74fd2bc4ab0ea3624df5a473.6
0x100049838	0x00000018	[ 32] l_anon.fa1f765a74fd2bc4ab0ea3624df5a473.9
0x100049850	0x00000018	[ 32] l_anon.fa1f765a74fd2bc4ab0ea3624df5a473.10
0x100049868	0x00000018	[ 32] l_anon.fa1f765a74fd2bc4ab0ea3624df5a473.11
0x100049880	0x00000018	[ 32] l_anon.fa1f765a74fd2bc4ab0ea3624df5a473.13
0x100049898	0x00000020	[ 34] l_anon.767b9d21cbe7b2a70a2e97f47c665fd3.2
0x1000498B8	0x00000018	[ 34] l_anon.767b9d21cbe7b2a70a2e97f47c665fd3.10
0x1000498D0	0x00000018	[ 34] l_anon.767b9d21cbe7b2a70a2e97f47c665fd3.11
0x1000498E8	0x00000018	[ 34] l_anon.767b9d21cbe7b2a70a2e97f47c665fd3.12
0x100049900	0x00000020	[ 35] l_anon.f55d33bc52fc3c0c1a130b6fc8b799c2.0
0x100049920	0x00000018	[ 35] l_anon.f55d33bc52fc3c0c1a130b6fc8b799c2.3
0x100049938	0x00000018	[ 35] l_anon.f55d33bc52fc3c0c1a130b6fc8b799c2.7
0x100049950	0x00000018	[ 35] l_anon.f55d33bc52fc3c0c1a130b6fc8b799c2.8
0x100049968	0x00000018	[ 35] l_anon.f55d33bc52fc3c0c1a130b6fc8b799c2.9
0x100049980	0x00000018	[ 35] l_anon.f55d33bc52fc3c0c1a130b6fc8b799c2.11
0x100049998	0x00000018	[ 35] l_anon.f55d33bc52fc3c0c1a130b6fc8b799c2.12
0x1000499B0	0x00000018	[ 35] l_anon.f55d33bc52fc3c0c1a130b6fc8b799c2.13
0x1000499C8	0x00000018	[ 35] l_anon.f55d33bc52fc3c0c1a130b6fc8b799c2.14
0x1000499E0	0x00000018	[ 35] l_anon.f55d33bc52fc3c0c1a130b6fc8b799c2.19
0x1000499F8	0x00000018	[ 35] l_anon.f55d33bc52fc3c0c1a130b6fc8b799c2.21
0x100049A10	0x00000018	[ 35] l_anon.f55d33bc52fc3c0c1a130b6fc8b799c2.22
0x100049A28	0x00000040	[ 35] l_anon.f55d33bc52fc3c0c1a130b6fc8b799c2.27
0x100049A68	0x00000018	[ 35] l_anon.f55d33bc52fc3c0c1a130b6fc8b799c2.28
0x100049A80	0x00000018	[ 35] l_anon.f55d33bc52fc3c0c1a130b6fc8b799c2.50
0x100049A98	0x00000018	[ 35] l_anon.f55d33bc52fc3c0c1a130b6fc8b799c2.51
0x100049AB0	0x00000018	[ 35] l_anon.f55d33bc52fc3c0c1a130b6fc8b799c2.52
0x100049AC8	0x00000018	[ 35] l_anon.f55d33bc52fc3c0c1a130b6fc8b799c2.53
0x100049AE0	0x00000018	[ 35] l_anon.f55d33bc52fc3c0c1a130b6fc8b799c2.54
0x100049AF8	0x00000018	[ 35] l_anon.f55d33bc52fc3c0c1a130b6fc8b799c2.87
0x100049B10	0x00000018	[ 35] l_anon.f55d33bc52fc3c0c1a130b6fc8b799c2.99
0x100049B28	0x000000D0	[ 35] l_switch.table._ZN14rustc_demangle2v07Printer16print_const_uint17h399960a52bd1b391E.24
0x100049BF8	0x00000020	[ 36] l_anon.7f85670983f4a2cc44e1bae1561a2de6.1
0x100049C18	0x00000020	[ 36] l_anon.7f85670983f4a2cc44e1bae1561a2de6.5
0x100049C38	0x00000018	[ 36] l_anon.7f85670983f4a2cc44e1bae1561a2de6.11
0x100049C50	0x00000018	[ 36] l_anon.7f85670983f4a2cc44e1bae1561a2de6.12
0x100049C68	0x00000018	[ 36] l_anon.7f85670983f4a2cc44e1bae1561a2de6.13
0x100049C80	0x00000018	[ 36] l_anon.7f85670983f4a2cc44e1bae1561a2de6.14
0x100049C98	0x00000018	[ 36] l_anon.7f85670983f4a2cc44e1bae1561a2de6.15
0x100049CB0	0x00000018	[ 36] l_anon.7f85670983f4a2cc44e1bae1561a2de6.16
0x100049CC8	0x00000018	[ 36] l_anon.7f85670983f4a2cc44e1bae1561a2de6.17
0x100049CE0	0x00000018	[ 36] l_anon.7f85670983f4a2cc44e1bae1561a2de6.18
0x100049CF8	0x00000018	[ 36] l_anon.7f85670983f4a2cc44e1bae1561a2de6.19
0x100049D10	0x00000018	[ 36] l_anon.7f85670983f4a2cc44e1bae1561a2de6.23
0x100049D28	0x00000018	[ 36] l_anon.7f85670983f4a2cc44e1bae1561a2de6.24
0x100049D40	0x00000018	[ 36] l_anon.7f85670983f4a2cc44e1bae1561a2de6.25
0x100049D58	0x00000018	[ 36] l_anon.7f85670983f4a2cc44e1bae1561a2de6.26
0x100049D70	0x00000018	[ 36] l_anon.7f85670983f4a2cc44e1bae1561a2de6.27
0x100049D88	0x00000018	[ 36] l_anon.7f85670983f4a2cc44e1bae1561a2de6.28
0x100049DA0	0x00000018	[ 36] l_anon.7f85670983f4a2cc44e1bae1561a2de6.37
0x100049DB8	0x00000018	[ 36] l_anon.7f85670983f4a2cc44e1bae1561a2de6.46
0x100049DD0	0x00000018	[ 36] l_anon.7f85670983f4a2cc44e1bae1561a2de6.47
0x100049DE8	0x00000018	[ 36] l_anon.7f85670983f4a2cc44e1bae1561a2de6.49
0x100049E00	0x00000018	[ 37] l_anon.5acca76f975d6016e1eb86046732f676.1
0x100049E18	0x00000018	[ 37] l_anon.5acca76f975d6016e1eb86046732f676.2
0x100049E30	0x00000018	[ 37] l_anon.5acca76f975d6016e1eb86046732f676.3
0x100049E48	0x00000020	[ 37] l_anon.5acca76f975d6016e1eb86046732f676.4
0x100049E68	0x00000030	[ 37] l_anon.5acca76f975d6016e1eb86046732f676.5
0x100049E98	0x00000018	[ 37] l_anon.5acca76f975d6016e1eb86046732f676.6
0x100049EB0	0x00000018	[ 37] l_anon.5acca76f975d6016e1eb86046732f676.9
0x100049EC8	0x00000018	[ 37] l_anon.5acca76f975d6016e1eb86046732f676.10
0x100049EE0	0x00000018	[ 37] l_anon.5acca76f975d6016e1eb86046732f676.14
0x100049EF8	0x00000020	[ 38] l_anon.338cefedea13bfa55f07965a7742d21a.1
0x100049F18	0x00000018	[ 38] _anon.338cefedea13bfa55f07965a7742d21a.3.llvm.2853846154193692878
0x100049F30	0x00000018	[ 38] l_anon.338cefedea13bfa55f07965a7742d21a.5
0x100049F48	0x00000018	[ 38] l_anon.338cefedea13bfa55f07965a7742d21a.6
0x100049F60	0x00000018	[ 38] l_anon.338cefedea13bfa55f07965a7742d21a.7
0x100049F78	0x00000018	[ 38] _anon.338cefedea13bfa55f07965a7742d21a.10.llvm.2853846154193692878
0x100049F90	0x00000020	[ 38] _anon.338cefedea13bfa55f07965a7742d21a.12.llvm.2853846154193692878
0x100049FB0	0x00000018	[ 38] l_anon.338cefedea13bfa55f07965a7742d21a.18
0x100049FC8	0x00000028	[ 38] l_switch.table._ZN42_$LT$$RF$T$u20$as$u20$core..fmt..Debug$GT$3fmt17hf5e0a1f0188eb1f1E.1
0x100049FF0	0x00000010	[ 40] l_anon.8564e71685ec2e460e73706a6390b5d0.1
0x10004A000	0x00000018	[ 40] l_anon.8564e71685ec2e460e73706a6390b5d0.3
0x10004A018	0x00000020	[ 41] l_anon.890cc2c9fafe6cbd55c7c84c99adb6c8.1
0x10004A038	0x00000018	[ 41] l_anon.890cc2c9fafe6cbd55c7c84c99adb6c8.22
0x10004A050	0x00000018	[ 42] l_anon.cec9156703cf136a4ca18275fd3e83d5.2
0x10004A068	0x00000018	[ 43] _anon.f5b25508a04f5b48e5689ec104f178df.2.llvm.4250115770706731467
0x10004A080	0x00000030	[ 44] _anon.5cb4fc4791af5f73cb1a1e24422a1a87.0.llvm.227715197952164425
0x10004A0B0	0x00000018	[ 44] l_anon.5cb4fc4791af5f73cb1a1e24422a1a87.8
0x10004A0C8	0x00000018	[ 44] l_anon.5cb4fc4791af5f73cb1a1e24422a1a87.9
0x10004A0E0	0x00000010	[ 45] l_anon.2cf091fe4ab5ede1972536edace59a96.3
0x10004A0F0	0x00000010	[ 45] l_anon.2cf091fe4ab5ede1972536edace59a96.5
0x10004A100	0x00000018	[ 45] l_anon.2cf091fe4ab5ede1972536edace59a96.7
0x10004A118	0x00000018	[ 45] l_anon.2cf091fe4ab5ede1972536edace59a96.9
0x10004A130	0x00000020	[ 47] l_anon.8d3bd58d9cfa0a6f8a9d9e42515ffc8e.51
0x10004A150	0x00000020	[ 47] l_anon.8d3bd58d9cfa0a6f8a9d9e42515ffc8e.53
0x10004A170	0x00000020	[ 47] l_anon.8d3bd58d9cfa0a6f8a9d9e42515ffc8e.56
0x10004A190	0x00000018	[ 48] l_anon.d382d030f5e93c356f41bedca75cec95.18
0x10004A1A8	0x00000018	[ 49] _anon.b83616b1f1c0a81d174abcae0ddbcdcd.23.llvm.11978285582017709435
0x10004A1C0	0x00000018	[ 49] _anon.b83616b1f1c0a81d174abcae0ddbcdcd.24.llvm.11978285582017709435
0x10004A1D8	0x00000020	[ 51] l_anon.73568735873f6ecff61c3980a7e062f4.5
0x10004A1F8	0x00000018	[ 51] l_anon.73568735873f6ecff61c3980a7e062f4.7
0x10004A210	0x00000018	[ 51] l_anon.73568735873f6ecff61c3980a7e062f4.8
0x10004A228	0x00000020	[ 51] l_anon.73568735873f6ecff61c3980a7e062f4.14
0x10004A248	0x00000030	[ 51] l_anon.73568735873f6ecff61c3980a7e062f4.29
0x10004A278	0x00000040	[ 51] l_anon.73568735873f6ecff61c3980a7e062f4.32
0x10004A2B8	0x00000010	[ 53] l_anon.ef3725664821a337a2850b105a101d2e.5
0x10004A2C8	0x00000030	[ 53] _anon.ef3725664821a337a2850b105a101d2e.12.llvm.9302938110820223433
0x10004A2F8	0x00000030	[ 54] l_anon.20bb2a76b673a60cedf9a441e10fd877.37
0x10004A328	0x00000018	[ 54] _anon.20bb2a76b673a60cedf9a441e10fd877.48.llvm.11895113534776402211
0x10004A340	0x00000018	[ 55] l_anon.3815698c094914956c4d0ed22fa20df5.17
0x10004A358	0x00000018	[ 55] l_anon.3815698c094914956c4d0ed22fa20df5.18
0x10004A370	0x00000018	[ 56] l_anon.d1004825148c6198cd0df9e75d7b5401.2
0x10004A388	0x00000018	[ 56] l_anon.d1004825148c6198cd0df9e75d7b5401.3
0x10004A3A0	0x00000018	[ 56] l_anon.d1004825148c6198cd0df9e75d7b5401.4
0x10004A3B8	0x00000018	[ 56] l_anon.d1004825148c6198cd0df9e75d7b5401.5
0x10004A3D0	0x00000018	[ 56] l_anon.d1004825148c6198cd0df9e75d7b5401.6
0x10004A3E8	0x00000040	[ 56] l_anon.d1004825148c6198cd0df9e75d7b5401.14
0x10004A428	0x00000050	[ 56] l_anon.d1004825148c6198cd0df9e75d7b5401.19
0x10004A478	0x00000030	[ 56] l_anon.d1004825148c6198cd0df9e75d7b5401.21
0x10004A4A8	0x00000018	[ 56] l_anon.d1004825148c6198cd0df9e75d7b5401.23
0x10004A4C0	0x00000018	[ 56] l_anon.d1004825148c6198cd0df9e75d7b5401.25
0x10004A4D8	0x00000018	[ 56] l_anon.d1004825148c6198cd0df9e75d7b5401.26
0x10004A4F0	0x00000010	[ 56] l_anon.d1004825148c6198cd0df9e75d7b5401.50
0x10004A500	0x00000010	[ 56] l_anon.d1004825148c6198cd0df9e75d7b5401.52
0x10004A510	0x00000020	[ 57] l_anon.9af01e642aac75b20e4e797e0097befc.43
0x10004A530	0x00000010	[ 58] l_anon.e83ce6a3055066f4c9563c8ca7abfbef.61
0x10004C000	0x00000004	[  9] _Global
0x10004C008	0x00000030	[ 16] __ZN3std12backtrace_rs9symbolize5gimli5Cache11with_global14MAPPINGS_CACHE17h99f09684b71b5e27E
0x10004C038	0x00000001	[ 18] __ZN3std9panicking12default_hook28_$u7b$$u7b$closure$u7d$$u7d$11FIRST_PANIC17hb5c5960c8e180640E
0x10004C040	0x00000018	[  1] __ZN3std3sys3pal4unix17thread_local_dtor13register_dtor10REGISTERED17ha5745c3cbffd066cE.0
0x10004C058	0x00000018	[  1] __ZN3std3sys3pal4unix17thread_local_dtor13register_dtor5DTORS17hf7230a0b661819a4E
0x10004C070	0x00000018	[  1] __ZN3std3sys3pal4unix14stack_overflow3imp5GUARD29_$u7b$$u7b$constant$u7d$$u7d$28_$u7b$$u7b$closure$u7d$$u7d$3VAL17hf7d534c6e87c18a0E.0
0x10004C088	0x00000018	[  1] __ZN3std3sys3pal4unix14stack_overflow3imp5GUARD29_$u7b$$u7b$constant$u7d$$u7d$28_$u7b$$u7b$closure$u7d$$u7d$3VAL17hf7d534c6e87c18a0E.1
0x10004C0A0	0x00000018	[  1] __ZN3std4sync14reentrant_lock25current_thread_unique_ptr1X29_$u7b$$u7b$constant$u7d$$u7d$28_$u7b$$u7b$closure$u7d$$u7d$3VAL17h17720ca49d684641E
0x10004C0B8	0x00000018	[  1] __ZN3std6thread7CURRENT29_$u7b$$u7b$constant$u7d$$u7d$28_$u7b$$u7b$closure$u7d$$u7d$3VAL17h014024b59ba5e677E
0x10004C0D0	0x00000018	[  1] __ZN3std2io5stdio14OUTPUT_CAPTURE29_$u7b$$u7b$constant$u7d$$u7d$28_$u7b$$u7b$closure$u7d$$u7d$3VAL17h04f613e6f13153f9E
0x10004C0E8	0x00000018	[  1] __ZN3std9panicking11panic_count17LOCAL_PANIC_COUNT29_$u7b$$u7b$constant$u7d$$u7d$28_$u7b$$u7b$closure$u7d$$u7d$3VAL17h16000459e7c57c16E.0
0x10004C100	0x00000018	[  1] __ZN3std9panicking11panic_count17LOCAL_PANIC_COUNT29_$u7b$$u7b$constant$u7d$$u7d$28_$u7b$$u7b$closure$u7d$$u7d$3VAL17h16000459e7c57c16E.1
0x10004C118	0x00000020	[ 17] __ZN3std3sys3pal4unix17thread_local_dtor13register_dtor5DTORS17hf7230a0b661819a4E$tlv$init
0x10004C138	0x00000001	[ 17] __ZN3std3sys3pal4unix17thread_local_dtor13register_dtor10REGISTERED17ha5745c3cbffd066cE.0$tlv$init
0x10004C140	0x00000008	[ 18] __ZN3std3sys3pal4unix14stack_overflow3imp5GUARD29_$u7b$$u7b$constant$u7d$$u7d$28_$u7b$$u7b$closure$u7d$$u7d$3VAL17hf7d534c6e87c18a0E.0$tlv$init
0x10004C148	0x00000008	[ 18] __ZN3std3sys3pal4unix14stack_overflow3imp5GUARD29_$u7b$$u7b$constant$u7d$$u7d$28_$u7b$$u7b$closure$u7d$$u7d$3VAL17hf7d534c6e87c18a0E.1$tlv$init
0x10004C150	0x00000001	[ 18] __ZN3std4sync14reentrant_lock25current_thread_unique_ptr1X29_$u7b$$u7b$constant$u7d$$u7d$28_$u7b$$u7b$closure$u7d$$u7d$3VAL17h17720ca49d684641E$tlv$init
0x10004C158	0x00000010	[ 19] __ZN3std6thread7CURRENT29_$u7b$$u7b$constant$u7d$$u7d$28_$u7b$$u7b$closure$u7d$$u7d$3VAL17h014024b59ba5e677E$tlv$init
0x10004C168	0x00000010	[ 21] __ZN3std2io5stdio14OUTPUT_CAPTURE29_$u7b$$u7b$constant$u7d$$u7d$28_$u7b$$u7b$closure$u7d$$u7d$3VAL17h04f613e6f13153f9E$tlv$init
0x10004C178	0x00000008	[ 23] __ZN3std9panicking11panic_count17LOCAL_PANIC_COUNT29_$u7b$$u7b$constant$u7d$$u7d$28_$u7b$$u7b$closure$u7d$$u7d$3VAL17h16000459e7c57c16E.0$tlv$init
0x10004C180	0x00000008	[ 23] __ZN3std9panicking11panic_count17LOCAL_PANIC_COUNT29_$u7b$$u7b$constant$u7d$$u7d$28_$u7b$$u7b$closure$u7d$$u7d$3VAL17h16000459e7c57c16E.1$tlv$init
0x10004C188	0x00000001	[  8] ___rust_alloc_error_handler_should_panic
0x10004C189	0x00000001	[  8] ___rust_no_alloc_shim_is_unstable
0x10004C190	0x00000008	[ 13] __ZN3std2rt7cleanup7CLEANUP17haf4b196849cc9b53E.llvm.5400098445981890680
0x10004C198	0x00000020	[ 18] __ZN3std9panicking4HOOK17h0472774448dd4e9aE
0x10004C1B8	0x00000008	[ 18] __ZN3std3sys3pal4unix14stack_overflow3imp9PAGE_SIZE17h3822815deacd0262E.0.llvm.12803748338881072764
0x10004C1C0	0x00000008	[ 18] __ZN3std3sys3pal4unix14stack_overflow3imp13MAIN_ALTSTACK17h4a17642d47c5f7d1E.0.llvm.12803748338881072764
0x10004C1C8	0x00000008	[ 19] __ZN3std6thread8ThreadId3new7COUNTER17hd6e6341eee56dc09E.llvm.5901335036227522380
0x10004C1D0	0x00000048	[ 21] __ZN3std2io5stdio6STDOUT17ha1b788cac88b26e5E.llvm.4323394874761796245
0x10004C218	0x00000010	[ 21] __ZN3std10sys_common9backtrace4lock4LOCK17hc33f33735adf0813E.llvm.4323394874761796245
0x10004C228	0x00000010	[ 21] __ZN3std3sys3pal4unix2os8ENV_LOCK17h14622294007f487eE.llvm.4323394874761796245
0x10004C238	0x00000001	[ 23] __ZN3std5panic14SHOULD_CAPTURE17hf61490d714f48e10E.0.llvm.9695971818248183748
0x10004C239	0x00000007	[ 23] __ZN3std3sys3pal4unix24ON_BROKEN_PIPE_FLAG_USED17ha18dcdcb44b66c79E.0.llvm.9695971818248183748
0x10004C240	0x00000008	[ 23] __ZN3std9panicking11panic_count18GLOBAL_PANIC_COUNT17hb013563ab963f662E
0x10004C248	0x00000008	[ 11] __ZN3std5alloc4HOOK17h7c7dbac958390ddfE
0x10004C250	0x00000001	[ 18] __ZN3std3sys3pal4unix14stack_overflow3imp13NEED_ALTSTACK17h728718331ed25a02E.0
0x10004C258	0x00000008	[ 21] __ZN3std2io5stdio19OUTPUT_CAPTURE_USED17h41a352c0689102b3E.0
